Component: ARM Compiler 5.06 update 4 (build 422) Tool: armlink [4d35d2]

==============================================================================

Section Cross References

    startup_stm32f103xb.o(RESET) refers to startup_stm32f103xb.o(STACK) for __initial_sp
    startup_stm32f103xb.o(RESET) refers to startup_stm32f103xb.o(.text) for Reset_Handler
    startup_stm32f103xb.o(RESET) refers to stm32f1xx_it.o(i.NMI_Handler) for NMI_Handler
    startup_stm32f103xb.o(RESET) refers to stm32f1xx_it.o(i.HardFault_Handler) for HardFault_Handler
    startup_stm32f103xb.o(RESET) refers to stm32f1xx_it.o(i.MemManage_Handler) for MemManage_Handler
    startup_stm32f103xb.o(RESET) refers to stm32f1xx_it.o(i.BusFault_Handler) for BusFault_Handler
    startup_stm32f103xb.o(RESET) refers to stm32f1xx_it.o(i.UsageFault_Handler) for UsageFault_Handler
    startup_stm32f103xb.o(RESET) refers to stm32f1xx_it.o(i.SVC_Handler) for SVC_Handler
    startup_stm32f103xb.o(RESET) refers to stm32f1xx_it.o(i.DebugMon_Handler) for DebugMon_Handler
    startup_stm32f103xb.o(RESET) refers to stm32f1xx_it.o(i.PendSV_Handler) for PendSV_Handler
    startup_stm32f103xb.o(RESET) refers to stm32f1xx_it.o(i.SysTick_Handler) for SysTick_Handler
    startup_stm32f103xb.o(RESET) refers to stm32f1xx_it.o(i.DMA1_Channel4_IRQHandler) for DMA1_Channel4_IRQHandler
    startup_stm32f103xb.o(RESET) refers to stm32f1xx_it.o(i.EXTI9_5_IRQHandler) for EXTI9_5_IRQHandler
    startup_stm32f103xb.o(RESET) refers to stm32f1xx_it.o(i.TIM2_IRQHandler) for TIM2_IRQHandler
    startup_stm32f103xb.o(RESET) refers to stm32f1xx_it.o(i.TIM4_IRQHandler) for TIM4_IRQHandler
    startup_stm32f103xb.o(RESET) refers to stm32f1xx_it.o(i.USART1_IRQHandler) for USART1_IRQHandler
    startup_stm32f103xb.o(.text) refers to system_stm32f1xx.o(i.SystemInit) for SystemInit
    startup_stm32f103xb.o(.text) refers to entry.o(.ARM.Collect$$$$00000000) for __main
    main.o(i.SystemClock_Config) refers to stm32f1xx_ll_utils.o(i.LL_SetSystemCoreClock) for LL_SetSystemCoreClock
    main.o(i.SystemClock_Config) refers to stm32f1xx_hal.o(i.HAL_InitTick) for HAL_InitTick
    main.o(i.SystemClock_Config) refers to main.o(i.Error_Handler) for Error_Handler
    main.o(i.main) refers to stm32f1xx_hal.o(i.HAL_Init) for HAL_Init
    main.o(i.main) refers to main.o(i.SystemClock_Config) for SystemClock_Config
    main.o(i.main) refers to gpio.o(i.MX_GPIO_Init) for MX_GPIO_Init
    main.o(i.main) refers to dma.o(i.MX_DMA_Init) for MX_DMA_Init
    main.o(i.main) refers to tim.o(i.MX_TIM3_Init) for MX_TIM3_Init
    main.o(i.main) refers to tim.o(i.MX_TIM4_Init) for MX_TIM4_Init
    main.o(i.main) refers to usart.o(i.MX_USART1_UART_Init) for MX_USART1_UART_Init
    main.o(i.main) refers to tim.o(i.MX_TIM2_Init) for MX_TIM2_Init
    main.o(i.main) refers to stm32f1xx_hal_tim.o(i.HAL_TIM_PWM_Start) for HAL_TIM_PWM_Start
    main.o(i.main) refers to stm32f1xx_hal_tim.o(i.HAL_TIM_Base_Start_IT) for HAL_TIM_Base_Start_IT
    main.o(i.main) refers to stm32f1xx_hal_uart.o(i.HAL_UART_Receive_IT) for HAL_UART_Receive_IT
    main.o(i.main) refers to pid.o(i.pid_init) for pid_init
    main.o(i.main) refers to motor.o(i.SetMotorCCW) for SetMotorCCW
    main.o(i.main) refers to motor.o(i.SetMotorPWM) for SetMotorPWM
    main.o(i.main) refers to system.o(i.HAL_Delay) for HAL_Delay
    main.o(i.main) refers to e_8421.o(i.GetE_8421) for GetE_8421
    main.o(i.main) refers to stm32f1xx_hal_gpio.o(i.HAL_GPIO_WritePin) for HAL_GPIO_WritePin
    main.o(i.main) refers to stm32f1xx_hal_iwdg.o(i.HAL_IWDG_Refresh) for HAL_IWDG_Refresh
    main.o(i.main) refers to stm32f1xx_hal_gpio.o(i.HAL_GPIO_ReadPin) for HAL_GPIO_ReadPin
    main.o(i.main) refers to tim.o(.bss) for htim3
    main.o(i.main) refers to usart_it.o(.bss) for USART1_RxStruct
    main.o(i.main) refers to usart.o(.bss) for huart1
    main.o(i.main) refers to main.o(.data) for SSS
    main.o(i.main) refers to motor.o(.data) for U_Speed
    main.o(i.main) refers to iwdg.o(.bss) for hiwdg
    gpio.o(i.MX_GPIO_Init) refers to stm32f1xx_hal_gpio.o(i.HAL_GPIO_WritePin) for HAL_GPIO_WritePin
    gpio.o(i.MX_GPIO_Init) refers to stm32f1xx_hal_gpio.o(i.HAL_GPIO_Init) for HAL_GPIO_Init
    gpio.o(i.MX_GPIO_Init) refers to stm32f1xx_hal_cortex.o(i.HAL_NVIC_SetPriority) for HAL_NVIC_SetPriority
    gpio.o(i.MX_GPIO_Init) refers to stm32f1xx_hal_cortex.o(i.HAL_NVIC_EnableIRQ) for HAL_NVIC_EnableIRQ
    dma.o(i.MX_DMA_Init) refers to stm32f1xx_hal_cortex.o(i.HAL_NVIC_SetPriority) for HAL_NVIC_SetPriority
    dma.o(i.MX_DMA_Init) refers to stm32f1xx_hal_cortex.o(i.HAL_NVIC_EnableIRQ) for HAL_NVIC_EnableIRQ
    iwdg.o(i.MX_IWDG_Init) refers to stm32f1xx_hal_iwdg.o(i.HAL_IWDG_Init) for HAL_IWDG_Init
    iwdg.o(i.MX_IWDG_Init) refers to main.o(i.Error_Handler) for Error_Handler
    iwdg.o(i.MX_IWDG_Init) refers to iwdg.o(.bss) for hiwdg
    tim.o(i.HAL_TIM_Base_MspDeInit) refers to stm32f1xx_hal_cortex.o(i.HAL_NVIC_DisableIRQ) for HAL_NVIC_DisableIRQ
[...]
    Removing stm32f1xx_hal_pwr.o(i.HAL_PWR_DisableWakeUpPin), (28 bytes).
    Removing stm32f1xx_hal_pwr.o(i.HAL_PWR_EnableBkUpAccess), (12 bytes).
    Removing stm32f1xx_hal_pwr.o(i.HAL_PWR_EnablePVD), (12 bytes).
    Removing stm32f1xx_hal_pwr.o(i.HAL_PWR_EnableSEVOnPend), (20 bytes).
    Removing stm32f1xx_hal_pwr.o(i.HAL_PWR_EnableSleepOnExit), (20 bytes).
    Removing stm32f1xx_hal_pwr.o(i.HAL_PWR_EnableWakeUpPin), (28 bytes).
    Removing stm32f1xx_hal_pwr.o(i.HAL_PWR_EnterSLEEPMode), (32 bytes).
    Removing stm32f1xx_hal_pwr.o(i.HAL_PWR_EnterSTANDBYMode), (40 bytes).
    Removing stm32f1xx_hal_pwr.o(i.HAL_PWR_EnterSTOPMode), (84 bytes).
    Removing stm32f1xx_hal_pwr.o(i.HAL_PWR_PVDCallback), (2 bytes).
    Removing stm32f1xx_hal_pwr.o(i.HAL_PWR_PVD_IRQHandler), (32 bytes).
    Removing stm32f1xx_hal_pwr.o(i.PWR_OverloadWfe), (6 bytes).
    Removing stm32f1xx_hal_flash.o(.rev16_text), (4 bytes).
    Removing stm32f1xx_hal_flash.o(.revsh_text), (4 bytes).
    Removing stm32f1xx_hal_flash.o(.rrx_text), (6 bytes).
    Removing stm32f1xx_hal_flash.o(i.FLASH_Program_HalfWord), (32 bytes).
    Removing stm32f1xx_hal_flash.o(i.FLASH_SetErrorCode), (132 bytes).
    Removing stm32f1xx_hal_flash.o(i.FLASH_WaitForLastOperation), (112 bytes).
    Removing stm32f1xx_hal_flash.o(i.HAL_FLASH_EndOfOperationCallback), (2 bytes).
    Removing stm32f1xx_hal_flash.o(i.HAL_FLASH_GetError), (12 bytes).
    Removing stm32f1xx_hal_flash.o(i.HAL_FLASH_IRQHandler), (384 bytes).
    Removing stm32f1xx_hal_flash.o(i.HAL_FLASH_Lock), (20 bytes).
    Removing stm32f1xx_hal_flash.o(i.HAL_FLASH_OB_Launch), (8 bytes).
    Removing stm32f1xx_hal_flash.o(i.HAL_FLASH_OB_Lock), (20 bytes).
    Removing stm32f1xx_hal_flash.o(i.HAL_FLASH_OB_Unlock), (44 bytes).
    Removing stm32f1xx_hal_flash.o(i.HAL_FLASH_OperationErrorCallback), (2 bytes).
    Removing stm32f1xx_hal_flash.o(i.HAL_FLASH_Program), (176 bytes).
    Removing stm32f1xx_hal_flash.o(i.HAL_FLASH_Program_IT), (124 bytes).
    Removing stm32f1xx_hal_flash.o(i.HAL_FLASH_Unlock), (48 bytes).
    Removing stm32f1xx_hal_flash.o(.bss), (32 bytes).
    Removing stm32f1xx_hal_flash_ex.o(.rev16_text), (4 bytes).
    Removing stm32f1xx_hal_flash_ex.o(.revsh_text), (4 bytes).
    Removing stm32f1xx_hal_flash_ex.o(.rrx_text), (6 bytes).
    Removing stm32f1xx_hal_flash_ex.o(i.FLASH_MassErase), (40 bytes).
    Removing stm32f1xx_hal_flash_ex.o(i.FLASH_OB_DisableWRP), (232 bytes).
    Removing stm32f1xx_hal_flash_ex.o(i.FLASH_OB_EnableWRP), (236 bytes).
    Removing stm32f1xx_hal_flash_ex.o(i.FLASH_OB_GetRDP), (28 bytes).
    Removing stm32f1xx_hal_flash_ex.o(i.FLASH_OB_GetUser), (16 bytes).
    Removing stm32f1xx_hal_flash_ex.o(i.FLASH_OB_GetWRP), (12 bytes).
    Removing stm32f1xx_hal_flash_ex.o(i.FLASH_OB_ProgramData), (76 bytes).
    Removing stm32f1xx_hal_flash_ex.o(i.FLASH_OB_RDP_LevelConfig), (124 bytes).
    Removing stm32f1xx_hal_flash_ex.o(i.FLASH_OB_UserConfig), (84 bytes).
    Removing stm32f1xx_hal_flash_ex.o(i.FLASH_PageErase), (40 bytes).
    Removing stm32f1xx_hal_flash_ex.o(i.HAL_FLASHEx_Erase), (176 bytes).
    Removing stm32f1xx_hal_flash_ex.o(i.HAL_FLASHEx_Erase_IT), (100 bytes).
    Removing stm32f1xx_hal_flash_ex.o(i.HAL_FLASHEx_OBErase), (96 bytes).
    Removing stm32f1xx_hal_flash_ex.o(i.HAL_FLASHEx_OBGetConfig), (28 bytes).
    Removing stm32f1xx_hal_flash_ex.o(i.HAL_FLASHEx_OBGetUserData), (40 bytes).
    Removing stm32f1xx_hal_flash_ex.o(i.HAL_FLASHEx_OBProgram), (200 bytes).
    Removing stm32f1xx_hal_exti.o(.rev16_text), (4 bytes).
    Removing stm32f1xx_hal_exti.o(.revsh_text), (4 bytes).
    Removing stm32f1xx_hal_exti.o(.rrx_text), (6 bytes).
    Removing stm32f1xx_hal_exti.o(i.HAL_EXTI_ClearConfigLine), (120 bytes).
    Removing stm32f1xx_hal_exti.o(i.HAL_EXTI_ClearPending), (28 bytes).
    Removing stm32f1xx_hal_exti.o(i.HAL_EXTI_GenerateSWI), (24 bytes).
    Removing stm32f1xx_hal_exti.o(i.HAL_EXTI_GetConfigLine), (156 bytes).
    Removing stm32f1xx_hal_exti.o(i.HAL_EXTI_GetHandle), (14 bytes).
    Removing stm32f1xx_hal_exti.o(i.HAL_EXTI_GetPending), (36 bytes).
    Removing stm32f1xx_hal_exti.o(i.HAL_EXTI_IRQHandler), (44 bytes).
    Removing stm32f1xx_hal_exti.o(i.HAL_EXTI_RegisterCallback), (20 bytes).
    Removing stm32f1xx_hal_exti.o(i.HAL_EXTI_SetConfigLine), (240 bytes).
    Removing stm32f1xx_hal_tim.o(.rev16_text), (4 bytes).
    Removing stm32f1xx_hal_tim.o(.revsh_text), (4 bytes).
    Removing stm32f1xx_hal_tim.o(.rrx_text), (6 bytes).
    Removing stm32f1xx_hal_tim.o(i.HAL_TIM_Base_DeInit), (120 bytes).
    Removing stm32f1xx_hal_tim.o(i.HAL_TIM_Base_GetState), (8 bytes).
    Removing stm32f1xx_hal_tim.o(i.HAL_TIM_Base_MspDeInit), (2 bytes).
    Removing stm32f1xx_hal_tim.o(i.HAL_TIM_Base_MspInit), (2 bytes).
    Removing stm32f1xx_hal_tim.o(i.HAL_TIM_Base_Start), (108 bytes).
    Removing stm32f1xx_hal_tim.o(i.HAL_TIM_Base_Start_DMA), (200 bytes).
    Removing stm32f1xx_hal_tim.o(i.HAL_TIM_Base_Stop), (50 bytes).
    Removing stm32f1xx_hal_tim.o(i.HAL_TIM_Base_Stop_DMA), (70 bytes).
    Removing stm32f1xx_hal_tim.o(i.HAL_TIM_ConfigOCrefClear), (278 bytes).
    Removing stm32f1xx_hal_tim.o(i.HAL_TIM_ConfigTI1Input), (22 bytes).
    Removing stm32f1xx_hal_tim.o(i.HAL_TIM_DMABurstState), (8 bytes).
    Removing stm32f1xx_hal_tim.o(i.HAL_TIM_DMABurst_MultiReadStart), (476 bytes).
    Removing stm32f1xx_hal_tim.o(i.HAL_TIM_DMABurst_MultiWriteStart), (476 bytes).
    Removing stm32f1xx_hal_tim.o(i.HAL_TIM_DMABurst_ReadStart), (42 bytes).
    Removing stm32f1xx_hal_tim.o(i.HAL_TIM_DMABurst_ReadStop), (140 bytes).
    Removing stm32f1xx_hal_tim.o(i.HAL_TIM_DMABurst_WriteStart), (42 bytes).
    Removing stm32f1xx_hal_tim.o(i.HAL_TIM_DMABurst_WriteStop), (140 bytes).
    Removing stm32f1xx_hal_tim.o(i.HAL_TIM_Encoder_DeInit), (96 bytes).
    Removing stm32f1xx_hal_tim.o(i.HAL_TIM_Encoder_GetState), (8 bytes).
    Removing stm32f1xx_hal_tim.o(i.HAL_TIM_Encoder_Init), (196 bytes).
    Removing stm32f1xx_hal_tim.o(i.HAL_TIM_Encoder_MspDeInit), (2 bytes).
    Removing stm32f1xx_hal_tim.o(i.HAL_TIM_Encoder_MspInit), (2 bytes).
    Removing stm32f1xx_hal_tim.o(i.HAL_TIM_Encoder_Start), (204 bytes).
    Removing stm32f1xx_hal_tim.o(i.HAL_TIM_Encoder_Start_DMA), (556 bytes).
    Removing stm32f1xx_hal_tim.o(i.HAL_TIM_Encoder_Start_IT), (252 bytes).
    Removing stm32f1xx_hal_tim.o(i.HAL_TIM_Encoder_Stop), (214 bytes).
    Removing stm32f1xx_hal_tim.o(i.HAL_TIM_Encoder_Stop_DMA), (280 bytes).
    Removing stm32f1xx_hal_tim.o(i.HAL_TIM_Encoder_Stop_IT), (256 bytes).
    Removing stm32f1xx_hal_tim.o(i.HAL_TIM_ErrorCallback), (2 bytes).
    Removing stm32f1xx_hal_tim.o(i.HAL_TIM_GenerateEvent), (54 bytes).
    Removing stm32f1xx_hal_tim.o(i.HAL_TIM_GetActiveChannel), (6 bytes).
    Removing stm32f1xx_hal_tim.o(i.HAL_TIM_GetChannelState), (38 bytes).
    Removing stm32f1xx_hal_tim.o(i.HAL_TIM_IC_CaptureHalfCpltCallback), (2 bytes).
    Removing stm32f1xx_hal_tim.o(i.HAL_TIM_IC_ConfigChannel), (222 bytes).
    Removing stm32f1xx_hal_tim.o(i.HAL_TIM_IC_DeInit), (120 bytes).
    Removing stm32f1xx_hal_tim.o(i.HAL_TIM_IC_GetState), (8 bytes).
    Removing stm32f1xx_hal_tim.o(i.HAL_TIM_IC_Init), (102 bytes).
    Removing stm32f1xx_hal_tim.o(i.HAL_TIM_IC_MspDeInit), (2 bytes).
    Removing stm32f1xx_hal_tim.o(i.HAL_TIM_IC_MspInit), (2 bytes).
    Removing stm32f1xx_hal_tim.o(i.HAL_TIM_IC_Start), (268 bytes).
    Removing stm32f1xx_hal_tim.o(i.HAL_TIM_IC_Start_DMA), (560 bytes).
    Removing stm32f1xx_hal_tim.o(i.HAL_TIM_IC_Start_IT), (352 bytes).
    Removing stm32f1xx_hal_tim.o(i.HAL_TIM_IC_Stop), (138 bytes).
    Removing stm32f1xx_hal_tim.o(i.HAL_TIM_IC_Stop_DMA), (244 bytes).
    Removing stm32f1xx_hal_tim.o(i.HAL_TIM_IC_Stop_IT), (222 bytes).
    Removing stm32f1xx_hal_tim.o(i.HAL_TIM_OC_ConfigChannel), (112 bytes).
    Removing stm32f1xx_hal_tim.o(i.HAL_TIM_OC_DeInit), (120 bytes).
    Removing stm32f1xx_hal_tim.o(i.HAL_TIM_OC_GetState), (8 bytes).
    Removing stm32f1xx_hal_tim.o(i.HAL_TIM_OC_Init), (102 bytes).
    Removing stm32f1xx_hal_tim.o(i.HAL_TIM_OC_MspDeInit), (2 bytes).
    Removing stm32f1xx_hal_tim.o(i.HAL_TIM_OC_MspInit), (2 bytes).
    Removing stm32f1xx_hal_tim.o(i.HAL_TIM_OC_Start), (212 bytes).
    Removing stm32f1xx_hal_tim.o(i.HAL_TIM_OC_Start_DMA), (532 bytes).
    Removing stm32f1xx_hal_tim.o(i.HAL_TIM_OC_Start_IT), (292 bytes).
    Removing stm32f1xx_hal_tim.o(i.HAL_TIM_OC_Stop), (156 bytes).
    Removing stm32f1xx_hal_tim.o(i.HAL_TIM_OC_Stop_DMA), (264 bytes).
    Removing stm32f1xx_hal_tim.o(i.HAL_TIM_OC_Stop_IT), (240 bytes).
    Removing stm32f1xx_hal_tim.o(i.HAL_TIM_OnePulse_ConfigChannel), (310 bytes).
    Removing stm32f1xx_hal_tim.o(i.HAL_TIM_OnePulse_DeInit), (96 bytes).
    Removing stm32f1xx_hal_tim.o(i.HAL_TIM_OnePulse_GetState), (8 bytes).
    Removing stm32f1xx_hal_tim.o(i.HAL_TIM_OnePulse_Init), (102 bytes).
    Removing stm32f1xx_hal_tim.o(i.HAL_TIM_OnePulse_MspDeInit), (2 bytes).
    Removing stm32f1xx_hal_tim.o(i.HAL_TIM_OnePulse_MspInit), (2 bytes).
    Removing stm32f1xx_hal_tim.o(i.HAL_TIM_OnePulse_Start), (128 bytes).
    Removing stm32f1xx_hal_tim.o(i.HAL_TIM_OnePulse_Start_IT), (152 bytes).
    Removing stm32f1xx_hal_tim.o(i.HAL_TIM_OnePulse_Stop), (148 bytes).
    Removing stm32f1xx_hal_tim.o(i.HAL_TIM_OnePulse_Stop_IT), (172 bytes).
    Removing stm32f1xx_hal_tim.o(i.HAL_TIM_PWM_DeInit), (120 bytes).
    Removing stm32f1xx_hal_tim.o(i.HAL_TIM_PWM_GetState), (8 bytes).
    Removing stm32f1xx_hal_tim.o(i.HAL_TIM_PWM_MspDeInit), (2 bytes).
    Removing stm32f1xx_hal_tim.o(i.HAL_TIM_PWM_PulseFinishedHalfCpltCallback), (2 bytes).
    Removing stm32f1xx_hal_tim.o(i.HAL_TIM_PWM_Start_DMA), (532 bytes).
    Removing stm32f1xx_hal_tim.o(i.HAL_TIM_PWM_Start_IT), (292 bytes).
    Removing stm32f1xx_hal_tim.o(i.HAL_TIM_PWM_Stop), (156 bytes).
    Removing stm32f1xx_hal_tim.o(i.HAL_TIM_PWM_Stop_DMA), (264 bytes).
    Removing stm32f1xx_hal_tim.o(i.HAL_TIM_PWM_Stop_IT), (240 bytes).
    Removing stm32f1xx_hal_tim.o(i.HAL_TIM_PeriodElapsedCallback), (2 bytes).
    Removing stm32f1xx_hal_tim.o(i.HAL_TIM_PeriodElapsedHalfCpltCallback), (2 bytes).
    Removing stm32f1xx_hal_tim.o(i.HAL_TIM_ReadCapturedValue), (50 bytes).
    Removing stm32f1xx_hal_tim.o(i.HAL_TIM_SlaveConfigSynchro), (108 bytes).
    Removing stm32f1xx_hal_tim.o(i.HAL_TIM_SlaveConfigSynchro_IT), (108 bytes).
    Removing stm32f1xx_hal_tim.o(i.HAL_TIM_TriggerHalfCpltCallback), (2 bytes).
    Removing stm32f1xx_hal_tim.o(i.TIM_DMACaptureCplt), (122 bytes).
    Removing stm32f1xx_hal_tim.o(i.TIM_DMACaptureHalfCplt), (64 bytes).
    Removing stm32f1xx_hal_tim.o(i.TIM_DMADelayPulseCplt), (104 bytes).
    Removing stm32f1xx_hal_tim.o(i.TIM_DMADelayPulseHalfCplt), (64 bytes).
    Removing stm32f1xx_hal_tim.o(i.TIM_DMAError), (94 bytes).
    Removing stm32f1xx_hal_tim.o(i.TIM_DMAPeriodElapsedCplt), (26 bytes).
    Removing stm32f1xx_hal_tim.o(i.TIM_DMAPeriodElapsedHalfCplt), (14 bytes).
    Removing stm32f1xx_hal_tim.o(i.TIM_DMATriggerCplt), (26 bytes).
    Removing stm32f1xx_hal_tim.o(i.TIM_DMATriggerHalfCplt), (14 bytes).
    Removing stm32f1xx_hal_tim.o(i.TIM_SlaveTimer_SetConfig), (178 bytes).
    Removing stm32f1xx_hal_tim.o(i.TIM_TI1_SetConfig), (104 bytes).
    Removing stm32f1xx_hal_tim.o(i.TIM_TI2_SetConfig), (58 bytes).
    Removing stm32f1xx_hal_tim.o(i.TIM_TI3_SetConfig), (56 bytes).
    Removing stm32f1xx_hal_tim.o(i.TIM_TI4_SetConfig), (60 bytes).
    Removing stm32f1xx_hal_tim_ex.o(.rev16_text), (4 bytes).
    Removing stm32f1xx_hal_tim_ex.o(.revsh_text), (4 bytes).
    Removing stm32f1xx_hal_tim_ex.o(.rrx_text), (6 bytes).
    Removing stm32f1xx_hal_tim_ex.o(i.HAL_TIMEx_CommutHalfCpltCallback), (2 bytes).
    Removing stm32f1xx_hal_tim_ex.o(i.HAL_TIMEx_ConfigBreakDeadTime), (116 bytes).
    Removing stm32f1xx_hal_tim_ex.o(i.HAL_TIMEx_ConfigCommutEvent), (134 bytes).
    Removing stm32f1xx_hal_tim_ex.o(i.HAL_TIMEx_ConfigCommutEvent_DMA), (164 bytes).
    Removing stm32f1xx_hal_tim_ex.o(i.HAL_TIMEx_ConfigCommutEvent_IT), (134 bytes).
    Removing stm32f1xx_hal_tim_ex.o(i.HAL_TIMEx_GetChannelNState), (38 bytes).
    Removing stm32f1xx_hal_tim_ex.o(i.HAL_TIMEx_HallSensor_DeInit), (96 bytes).
    Removing stm32f1xx_hal_tim_ex.o(i.HAL_TIMEx_HallSensor_GetState), (8 bytes).
    Removing stm32f1xx_hal_tim_ex.o(i.HAL_TIMEx_HallSensor_Init), (234 bytes).
    Removing stm32f1xx_hal_tim_ex.o(i.HAL_TIMEx_HallSensor_MspDeInit), (2 bytes).
    Removing stm32f1xx_hal_tim_ex.o(i.HAL_TIMEx_HallSensor_MspInit), (2 bytes).
    Removing stm32f1xx_hal_tim_ex.o(i.HAL_TIMEx_HallSensor_Start), (168 bytes).
    Removing stm32f1xx_hal_tim_ex.o(i.HAL_TIMEx_HallSensor_Start_DMA), (232 bytes).
    Removing stm32f1xx_hal_tim_ex.o(i.HAL_TIMEx_HallSensor_Start_IT), (180 bytes).
    Removing stm32f1xx_hal_tim_ex.o(i.HAL_TIMEx_HallSensor_Stop), (78 bytes).
    Removing stm32f1xx_hal_tim_ex.o(i.HAL_TIMEx_HallSensor_Stop_DMA), (84 bytes).
    Removing stm32f1xx_hal_tim_ex.o(i.HAL_TIMEx_HallSensor_Stop_IT), (90 bytes).
    Removing stm32f1xx_hal_tim_ex.o(i.HAL_TIMEx_OCN_Start), (196 bytes).
    Removing stm32f1xx_hal_tim_ex.o(i.HAL_TIMEx_OCN_Start_DMA), (456 bytes).
    Removing stm32f1xx_hal_tim_ex.o(i.HAL_TIMEx_OCN_Start_IT), (276 bytes).
    Removing stm32f1xx_hal_tim_ex.o(i.HAL_TIMEx_OCN_Stop), (136 bytes).
    Removing stm32f1xx_hal_tim_ex.o(i.HAL_TIMEx_OCN_Stop_DMA), (220 bytes).
    Removing stm32f1xx_hal_tim_ex.o(i.HAL_TIMEx_OCN_Stop_IT), (230 bytes).
    Removing stm32f1xx_hal_tim_ex.o(i.HAL_TIMEx_OnePulseN_Start), (118 bytes).
    Removing stm32f1xx_hal_tim_ex.o(i.HAL_TIMEx_OnePulseN_Start_IT), (142 bytes).
    Removing stm32f1xx_hal_tim_ex.o(i.HAL_TIMEx_OnePulseN_Stop), (138 bytes).
    Removing stm32f1xx_hal_tim_ex.o(i.HAL_TIMEx_OnePulseN_Stop_IT), (162 bytes).
    Removing stm32f1xx_hal_tim_ex.o(i.HAL_TIMEx_PWMN_Start), (196 bytes).
    Removing stm32f1xx_hal_tim_ex.o(i.HAL_TIMEx_PWMN_Start_DMA), (456 bytes).
    Removing stm32f1xx_hal_tim_ex.o(i.HAL_TIMEx_PWMN_Start_IT), (276 bytes).
    Removing stm32f1xx_hal_tim_ex.o(i.HAL_TIMEx_PWMN_Stop), (136 bytes).
    Removing stm32f1xx_hal_tim_ex.o(i.HAL_TIMEx_PWMN_Stop_DMA), (220 bytes).
    Removing stm32f1xx_hal_tim_ex.o(i.HAL_TIMEx_PWMN_Stop_IT), (230 bytes).
    Removing stm32f1xx_hal_tim_ex.o(i.HAL_TIMEx_RemapConfig), (6 bytes).
    Removing stm32f1xx_hal_tim_ex.o(i.TIMEx_DMACommutationCplt), (20 bytes).
    Removing stm32f1xx_hal_tim_ex.o(i.TIMEx_DMACommutationHalfCplt), (20 bytes).
    Removing stm32f1xx_hal_tim_ex.o(i.TIM_CCxNChannelCmd), (34 bytes).
    Removing stm32f1xx_hal_tim_ex.o(i.TIM_DMADelayPulseNCplt), (104 bytes).
    Removing stm32f1xx_hal_tim_ex.o(i.TIM_DMAErrorCCxN), (68 bytes).
    Removing stm32f1xx_hal_uart.o(.rev16_text), (4 bytes).
    Removing stm32f1xx_hal_uart.o(.revsh_text), (4 bytes).
    Removing stm32f1xx_hal_uart.o(.rrx_text), (6 bytes).
    Removing stm32f1xx_hal_uart.o(i.HAL_HalfDuplex_EnableReceiver), (68 bytes).
    Removing stm32f1xx_hal_uart.o(i.HAL_HalfDuplex_EnableTransmitter), (68 bytes).
    Removing stm32f1xx_hal_uart.o(i.HAL_HalfDuplex_Init), (122 bytes).
    Removing stm32f1xx_hal_uart.o(i.HAL_LIN_Init), (146 bytes).
    Removing stm32f1xx_hal_uart.o(i.HAL_LIN_SendBreak), (80 bytes).
    Removing stm32f1xx_hal_uart.o(i.HAL_MultiProcessor_EnterMuteMode), (82 bytes).
    Removing stm32f1xx_hal_uart.o(i.HAL_MultiProcessor_ExitMuteMode), (82 bytes).
    Removing stm32f1xx_hal_uart.o(i.HAL_MultiProcessor_Init), (158 bytes).
    Removing stm32f1xx_hal_uart.o(i.HAL_UARTEx_GetRxEventType), (6 bytes).
    Removing stm32f1xx_hal_uart.o(i.HAL_UARTEx_ReceiveToIdle), (296 bytes).
    Removing stm32f1xx_hal_uart.o(i.HAL_UARTEx_ReceiveToIdle_DMA), (114 bytes).
    Removing stm32f1xx_hal_uart.o(i.HAL_UARTEx_ReceiveToIdle_IT), (114 bytes).
    Removing stm32f1xx_hal_uart.o(i.HAL_UART_Abort), (278 bytes).
    Removing stm32f1xx_hal_uart.o(i.HAL_UART_AbortCpltCallback), (2 bytes).
    Removing stm32f1xx_hal_uart.o(i.HAL_UART_AbortReceive), (194 bytes).
    Removing stm32f1xx_hal_uart.o(i.HAL_UART_AbortReceiveCpltCallback), (2 bytes).
    Removing stm32f1xx_hal_uart.o(i.HAL_UART_AbortReceive_IT), (216 bytes).
    Removing stm32f1xx_hal_uart.o(i.HAL_UART_AbortTransmit), (124 bytes).
    Removing stm32f1xx_hal_uart.o(i.HAL_UART_AbortTransmitCpltCallback), (2 bytes).
    Removing stm32f1xx_hal_uart.o(i.HAL_UART_AbortTransmit_IT), (144 bytes).
    Removing stm32f1xx_hal_uart.o(i.HAL_UART_Abort_IT), (328 bytes).
    Removing stm32f1xx_hal_uart.o(i.HAL_UART_DMAPause), (166 bytes).
    Removing stm32f1xx_hal_uart.o(i.HAL_UART_DMAResume), (170 bytes).
    Removing stm32f1xx_hal_uart.o(i.HAL_UART_DMAStop), (138 bytes).
    Removing stm32f1xx_hal_uart.o(i.HAL_UART_DeInit), (62 bytes).
    Removing stm32f1xx_hal_uart.o(i.HAL_UART_GetError), (6 bytes).
    Removing stm32f1xx_hal_uart.o(i.HAL_UART_GetState), (20 bytes).
    Removing stm32f1xx_hal_uart.o(i.HAL_UART_MspDeInit), (2 bytes).
    Removing stm32f1xx_hal_uart.o(i.HAL_UART_MspInit), (2 bytes).
    Removing stm32f1xx_hal_uart.o(i.HAL_UART_Receive), (188 bytes).
    Removing stm32f1xx_hal_uart.o(i.HAL_UART_Receive_DMA), (44 bytes).
    Removing stm32f1xx_hal_uart.o(i.HAL_UART_RxHalfCpltCallback), (2 bytes).
    Removing stm32f1xx_hal_uart.o(i.HAL_UART_Transmit), (178 bytes).
    Removing stm32f1xx_hal_uart.o(i.HAL_UART_Transmit_DMA), (140 bytes).
    Removing stm32f1xx_hal_uart.o(i.HAL_UART_TxCpltCallback), (2 bytes).
    Removing stm32f1xx_hal_uart.o(i.HAL_UART_TxHalfCpltCallback), (2 bytes).
    Removing stm32f1xx_hal_uart.o(i.UART_DMAError), (80 bytes).
    Removing stm32f1xx_hal_uart.o(i.UART_DMAReceiveCplt), (180 bytes).
    Removing stm32f1xx_hal_uart.o(i.UART_DMARxAbortCallback), (56 bytes).
    Removing stm32f1xx_hal_uart.o(i.UART_DMARxHalfCplt), (36 bytes).
    Removing stm32f1xx_hal_uart.o(i.UART_DMARxOnlyAbortCallback), (28 bytes).
    Removing stm32f1xx_hal_uart.o(i.UART_DMATransmitCplt), (88 bytes).
    Removing stm32f1xx_hal_uart.o(i.UART_DMATxAbortCallback), (56 bytes).
    Removing stm32f1xx_hal_uart.o(i.UART_DMATxHalfCplt), (14 bytes).
    Removing stm32f1xx_hal_uart.o(i.UART_DMATxOnlyAbortCallback), (24 bytes).
    Removing stm32f1xx_hal_uart.o(i.UART_EndTxTransfer), (38 bytes).
    Removing stm32f1xx_hal_uart.o(i.UART_Start_Receive_DMA), (200 bytes).
    Removing stm32f1xx_hal_uart.o(i.UART_WaitOnFlagUntilTimeout), (146 bytes).
    Removing system_stm32f1xx.o(.rev16_text), (4 bytes).
    Removing system_stm32f1xx.o(.revsh_text), (4 bytes).
    Removing system_stm32f1xx.o(.rrx_text), (6 bytes).
    Removing system_stm32f1xx.o(i.SystemCoreClockUpdate), (164 bytes).

471 unused section(s) (total 37706 bytes) removed from the image.

==============================================================================

Image Symbol Table

    Local Symbols

    Symbol Name                              Value     Ov Type        Size  Object(Section)

    ../Core/Src/dma.c                        0x00000000   Number         0  dma.o ABSOLUTE
    ../Core/Src/gpio.c                       0x00000000   Number         0  gpio.o ABSOLUTE
    ../Core/Src/iwdg.c                       0x00000000   Number         0  iwdg.o ABSOLUTE
    ../Core/Src/main.c                       0x00000000   Number         0  main.o ABSOLUTE
    ../Core/Src/stm32f1xx_hal_msp.c          0x00000000   Number         0  stm32f1xx_hal_msp.o ABSOLUTE
    ../Core/Src/stm32f1xx_it.c               0x00000000   Number         0  stm32f1xx_it.o ABSOLUTE
    ../Core/Src/system_stm32f1xx.c           0x00000000   Number         0  system_stm32f1xx.o ABSOLUTE
    ../Core/Src/tim.c                        0x00000000   Number         0  tim.o ABSOLUTE
    ../Core/Src/usart.c                      0x00000000   Number         0  usart.o ABSOLUTE
    ../Drivers/STM32F1xx_HAL_Driver/Src/stm32f1xx_hal.c 0x00000000   Number         0  stm32f1xx_hal.o ABSOLUTE
    ../Drivers/STM32F1xx_HAL_Driver/Src/stm32f1xx_hal_cortex.c 0x00000000   Number         0  stm32f1xx_hal_cortex.o ABSOLUTE
    ../Drivers/STM32F1xx_HAL_Driver/Src/stm32f1xx_hal_dma.c 0x00000000   Number         0  stm32f1xx_hal_dma.o ABSOLUTE
    ../Drivers/STM32F1xx_HAL_Driver/Src/stm32f1xx_hal_exti.c 0x00000000   Number         0  stm32f1xx_hal_exti.o ABSOLUTE
    ../Drivers/STM32F1xx_HAL_Driver/Src/stm32f1xx_hal_flash.c 0x00000000   Number         0  stm32f1xx_hal_flash.o ABSOLUTE
    ../Drivers/STM32F1xx_HAL_Driver/Src/stm32f1xx_hal_flash_ex.c 0x00000000   Number         0  stm32f1xx_hal_flash_ex.o ABSOLUTE
    ../Drivers/STM32F1xx_HAL_Driver/Src/stm32f1xx_hal_gpio.c 0x00000000   Number         0  stm32f1xx_hal_gpio.o ABSOLUTE
    ../Drivers/STM32F1xx_HAL_Driver/Src/stm32f1xx_hal_gpio_ex.c 0x00000000   Number         0  stm32f1xx_hal_gpio_ex.o ABSOLUTE
    ../Drivers/STM32F1xx_HAL_Driver/Src/stm32f1xx_hal_iwdg.c 0x00000000   Number         0  stm32f1xx_hal_iwdg.o ABSOLUTE
    ../Drivers/STM32F1xx_HAL_Driver/Src/stm32f1xx_hal_pwr.c 0x00000000   Number         0  stm32f1xx_hal_pwr.o ABSOLUTE
    ../Drivers/STM32F1xx_HAL_Driver/Src/stm32f1xx_hal_rcc.c 0x00000000   Number         0  stm32f1xx_hal_rcc.o ABSOLUTE
    ../Drivers/STM32F1xx_HAL_Driver/Src/stm32f1xx_hal_rcc_ex.c 0x00000000   Number         0  stm32f1xx_hal_rcc_ex.o ABSOLUTE
    ../Drivers/STM32F1xx_HAL_Driver/Src/stm32f1xx_hal_tim.c 0x00000000   Number         0  stm32f1xx_hal_tim.o ABSOLUTE
    ../Drivers/STM32F1xx_HAL_Driver/Src/stm32f1xx_hal_tim_ex.c 0x00000000   Number         0  stm32f1xx_hal_tim_ex.o ABSOLUTE
    ../Drivers/STM32F1xx_HAL_Driver/Src/stm32f1xx_hal_uart.c 0x00000000   Number         0  stm32f1xx_hal_uart.o ABSOLUTE
    ../Drivers/STM32F1xx_HAL_Driver/Src/stm32f1xx_ll_exti.c 0x00000000   Number         0  stm32f1xx_ll_exti.o ABSOLUTE
    ../Drivers/STM32F1xx_HAL_Driver/Src/stm32f1xx_ll_rcc.c 0x00000000   Number         0  stm32f1xx_ll_rcc.o ABSOLUTE
    ../Drivers/STM32F1xx_HAL_Driver/Src/stm32f1xx_ll_utils.c 0x00000000   Number         0  stm32f1xx_ll_utils.o ABSOLUTE
    ../clib/microlib/init/entry.s            0x00000000   Number         0  entry8b.o ABSOLUTE
    ../clib/microlib/init/entry.s            0x00000000   Number         0  entry8a.o ABSOLUTE
    ../clib/microlib/init/entry.s            0x00000000   Number         0  entry7b.o ABSOLUTE
    ../clib/microlib/init/entry.s            0x00000000   Number         0  entry7a.o ABSOLUTE
    ../clib/microlib/init/entry.s            0x00000000   Number         0  entry5.o ABSOLUTE
    ../clib/microlib/init/entry.s            0x00000000   Number         0  entry2.o ABSOLUTE
    ../clib/microlib/init/entry.s            0x00000000   Number         0  entry.o ABSOLUTE
    ../clib/microlib/init/entry.s            0x00000000   Number         0  entry11b.o ABSOLUTE
    ../clib/microlib/init/entry.s            0x00000000   Number         0  entry11a.o ABSOLUTE
    ../clib/microlib/init/entry.s            0x00000000   Number         0  entry10b.o ABSOLUTE
    ../clib/microlib/init/entry.s            0x00000000   Number         0  entry10a.o ABSOLUTE
    ../clib/microlib/init/entry.s            0x00000000   Number         0  entry9b.o ABSOLUTE
    ../clib/microlib/init/entry.s            0x00000000   Number         0  entry9a.o ABSOLUTE
    ../clib/microlib/longlong.c              0x00000000   Number         0  llshl.o ABSOLUTE
    ../clib/microlib/longlong.c              0x00000000   Number         0  llushr.o ABSOLUTE
    ../clib/microlib/string/memcpy.c         0x00000000   Number         0  memcpya.o ABSOLUTE
    ../clib/microlib/string/memcpy.c         0x00000000   Number         0  memcpyb.o ABSOLUTE
    ../clib/microlib/string/memset.c         0x00000000   Number         0  memseta.o ABSOLUTE
    ../clib/microlib/stubs.s                 0x00000000   Number         0  iusefp.o ABSOLUTE
    ../fplib/microlib/fpadd.c                0x00000000   Number         0  fadd.o ABSOLUTE
    ../fplib/microlib/fpdiv.c                0x00000000   Number         0  ddiv.o ABSOLUTE
    ../fplib/microlib/fpepilogue.c           0x00000000   Number         0  fepilogue.o ABSOLUTE
    ../fplib/microlib/fpepilogue.c           0x00000000   Number         0  depilogue.o ABSOLUTE
    ../fplib/microlib/fpfix.c                0x00000000   Number         0  ffixi.o ABSOLUTE
    ../fplib/microlib/fpflt.c                0x00000000   Number         0  dfltui.o ABSOLUTE
    ../fplib/microlib/fpflt.c                0x00000000   Number         0  dflti.o ABSOLUTE
    ../fplib/microlib/fpflt.c                0x00000000   Number         0  ffltui.o ABSOLUTE
    ../fplib/microlib/fpmul.c                0x00000000   Number         0  fmul.o ABSOLUTE
    ../fplib/microlib/fpmul.c                0x00000000   Number         0  dmul.o ABSOLUTE
    ..\Core\Src\dma.c                        0x00000000   Number         0  dma.o ABSOLUTE
    ..\Core\Src\gpio.c                       0x00000000   Number         0  gpio.o ABSOLUTE
    ..\Core\Src\iwdg.c                       0x00000000   Number         0  iwdg.o ABSOLUTE
    ..\Core\Src\main.c                       0x00000000   Number         0  main.o ABSOLUTE
    ..\Core\Src\stm32f1xx_hal_msp.c          0x00000000   Number         0  stm32f1xx_hal_msp.o ABSOLUTE
    ..\Core\Src\stm32f1xx_it.c               0x00000000   Number         0  stm32f1xx_it.o ABSOLUTE
    ..\Core\Src\system_stm32f1xx.c           0x00000000   Number         0  system_stm32f1xx.o ABSOLUTE
    ..\Core\Src\tim.c                        0x00000000   Number         0  tim.o ABSOLUTE
    ..\Core\Src\usart.c                      0x00000000   Number         0  usart.o ABSOLUTE
    ..\Drivers\STM32F1xx_HAL_Driver\Src\stm32f1xx_hal.c 0x00000000   Number         0  stm32f1xx_hal.o ABSOLUTE
    ..\Drivers\STM32F1xx_HAL_Driver\Src\stm32f1xx_hal_cortex.c 0x00000000   Number         0  stm32f1xx_hal_cortex.o ABSOLUTE
    ..\Drivers\STM32F1xx_HAL_Driver\Src\stm32f1xx_hal_dma.c 0x00000000   Number         0  stm32f1xx_hal_dma.o ABSOLUTE
    ..\Drivers\STM32F1xx_HAL_Driver\Src\stm32f1xx_hal_exti.c 0x00000000   Number         0  stm32f1xx_hal_exti.o ABSOLUTE
    ..\Drivers\STM32F1xx_HAL_Driver\Src\stm32f1xx_hal_flash.c 0x00000000   Number         0  stm32f1xx_hal_flash.o ABSOLUTE
    ..\Drivers\STM32F1xx_HAL_Driver\Src\stm32f1xx_hal_flash_ex.c 0x00000000   Number         0  stm32f1xx_hal_flash_ex.o ABSOLUTE
    ..\Drivers\STM32F1xx_HAL_Driver\Src\stm32f1xx_hal_gpio.c 0x00000000   Number         0  stm32f1xx_hal_gpio.o ABSOLUTE
    ..\Drivers\STM32F1xx_HAL_Driver\Src\stm32f1xx_hal_gpio_ex.c 0x00000000   Number         0  stm32f1xx_hal_gpio_ex.o ABSOLUTE
    ..\Drivers\STM32F1xx_HAL_Driver\Src\stm32f1xx_hal_iwdg.c 0x00000000   Number         0  stm32f1xx_hal_iwdg.o ABSOLUTE
    ..\Drivers\STM32F1xx_HAL_Driver\Src\stm32f1xx_hal_pwr.c 0x00000000   Number         0  stm32f1xx_hal_pwr.o ABSOLUTE
    ..\Drivers\STM32F1xx_HAL_Driver\Src\stm32f1xx_hal_rcc.c 0x00000000   Number         0  stm32f1xx_hal_rcc.o ABSOLUTE
    ..\Drivers\STM32F1xx_HAL_Driver\Src\stm32f1xx_hal_rcc_ex.c 0x00000000   Number         0  stm32f1xx_hal_rcc_ex.o ABSOLUTE
    ..\Drivers\STM32F1xx_HAL_Driver\Src\stm32f1xx_hal_tim.c 0x00000000   Number         0  stm32f1xx_hal_tim.o ABSOLUTE
    ..\Drivers\STM32F1xx_HAL_Driver\Src\stm32f1xx_hal_tim_ex.c 0x00000000   Number         0  stm32f1xx_hal_tim_ex.o ABSOLUTE
    ..\Drivers\STM32F1xx_HAL_Driver\Src\stm32f1xx_hal_uart.c 0x00000000   Number         0  stm32f1xx_hal_uart.o ABSOLUTE
    ..\Drivers\STM32F1xx_HAL_Driver\Src\stm32f1xx_ll_exti.c 0x00000000   Number         0  stm32f1xx_ll_exti.o ABSOLUTE
    ..\Drivers\STM32F1xx_HAL_Driver\Src\stm32f1xx_ll_rcc.c 0x00000000   Number         0  stm32f1xx_ll_rcc.o ABSOLUTE
    ..\Drivers\STM32F1xx_HAL_Driver\Src\stm32f1xx_ll_utils.c 0x00000000   Number         0  stm32f1xx_ll_utils.o ABSOLUTE
    APP\\e_8421.c                            0x00000000   Number         0  e_8421.o ABSOLUTE
    APP\\exti_it.c                           0x00000000   Number         0  exti_it.o ABSOLUTE
    APP\\motor.c                             0x00000000   Number         0  motor.o ABSOLUTE
    APP\\motor_encode.c                      0x00000000   Number         0  motor_encode.o ABSOLUTE
    APP\\pid.c                               0x00000000   Number         0  pid.o ABSOLUTE
    APP\\tim_it.c                            0x00000000   Number         0  tim_it.o ABSOLUTE
    APP\\usart_it.c                          0x00000000   Number         0  usart_it.o ABSOLUTE
    APP\e_8421.c                             0x00000000   Number         0  e_8421.o ABSOLUTE
    APP\exti_it.c                            0x00000000   Number         0  exti_it.o ABSOLUTE
    APP\motor.c                              0x00000000   Number         0  motor.o ABSOLUTE
    APP\motor_encode.c                       0x00000000   Number         0  motor_encode.o ABSOLUTE
    APP\pid.c                                0x00000000   Number         0  pid.o ABSOLUTE
    APP\tim_it.c                             0x00000000   Number         0  tim_it.o ABSOLUTE
    APP\usart_it.c                           0x00000000   Number         0  usart_it.o ABSOLUTE
    SYSTEM\\system.c                         0x00000000   Number         0  system.o ABSOLUTE
    SYSTEM\system.c                          0x00000000   Number         0  system.o ABSOLUTE
    cdcmple.s                                0x00000000   Number         0  cdcmple.o ABSOLUTE
    cfcmple.s                                0x00000000   Number         0  cfcmple.o ABSOLUTE
    cfrcmple.s                               0x00000000   Number         0  cfrcmple.o ABSOLUTE
    dc.s                                     0x00000000   Number         0  dc.o ABSOLUTE
    handlers.s                               0x00000000   Number         0  handlers.o ABSOLUTE
    init.s                                   0x00000000   Number         0  init.o ABSOLUTE
    startup_stm32f103xb.s                    0x00000000   Number         0  startup_stm32f103xb.o ABSOLUTE
    RESET                                    0x08008000   Section      236  startup_stm32f103xb.o(RESET)
    .ARM.Collect$$$$00000000                 0x080080ec   Section        0  entry.o(.ARM.Collect$$$$00000000)
    .ARM.Collect$$$$00000001                 0x080080ec   Section        4  entry2.o(.ARM.Collect$$$$00000001)
    .ARM.Collect$$$$00000004                 0x080080f0   Section        4  entry5.o(.ARM.Collect$$$$00000004)
    .ARM.Collect$$$$00000008                 0x080080f4   Section        0  entry7b.o(.ARM.Collect$$$$00000008)
    .ARM.Collect$$$$0000000A                 0x080080f4   Section        0  entry8b.o(.ARM.Collect$$$$0000000A)
    .ARM.Collect$$$$0000000B                 0x080080f4   Section        8  entry9a.o(.ARM.Collect$$$$0000000B)
    .ARM.Collect$$$$0000000D                 0x080080fc   Section        0  entry10a.o(.ARM.Collect$$$$0000000D)
    .ARM.Collect$$$$0000000F                 0x080080fc   Section        0  entry11a.o(.ARM.Collect$$$$0000000F)
    .ARM.Collect$$$$00002712                 0x080080fc   Section        4  entry2.o(.ARM.Collect$$$$00002712)
    __lit__00000000                          0x080080fc   Data           4  entry2.o(.ARM.Collect$$$$00002712)
    .text                                    0x08008100   Section       36  startup_stm32f103xb.o(.text)
    .text                                    0x08008124   Section        0  llushr.o(.text)
    .text                                    0x08008144   Section        0  memcpya.o(.text)
    .text                                    0x08008168   Section        0  memseta.o(.text)
    .text                                    0x0800818c   Section        0  fadd.o(.text)
    .text                                    0x0800823c   Section        0  fmul.o(.text)
    .text                                    0x080082a0   Section        0  dmul.o(.text)
    .text                                    0x08008384   Section        0  ddiv.o(.text)
    .text                                    0x08008462   Section        0  ffltui.o(.text)
    .text                                    0x0800846c   Section        0  dflti.o(.text)
    .text                                    0x0800848e   Section        0  dfltui.o(.text)
    .text                                    0x080084a8   Section        0  ffixi.o(.text)
    .text                                    0x080084dc   Section       48  cdcmple.o(.text)
    .text                                    0x0800850c   Section       20  cfcmple.o(.text)
    .text                                    0x08008520   Section       20  cfrcmple.o(.text)
    .text                                    0x08008534   Section        0  iusefp.o(.text)
    .text                                    0x08008534   Section        0  fepilogue.o(.text)
    .text                                    0x080085a2   Section        0  depilogue.o(.text)
    .text                                    0x0800865c   Section       36  init.o(.text)
    .text                                    0x08008680   Section        0  llshl.o(.text)
    i.BusFault_Handler                       0x0800869e   Section        0  stm32f1xx_it.o(i.BusFault_Handler)
    i.DMA1_Channel4_IRQHandler               0x080086a4   Section        0  stm32f1xx_it.o(i.DMA1_Channel4_IRQHandler)
    i.DebugMon_Handler                       0x080086b4   Section        0  stm32f1xx_it.o(i.DebugMon_Handler)
    i.EXTI9_5_IRQHandler                     0x080086b6   Section        0  stm32f1xx_it.o(i.EXTI9_5_IRQHandler)
    i.Error_Handler                          0x080086c6   Section        0  main.o(i.Error_Handler)
    i.GetE_8421                              0x080086cc   Section        0  e_8421.o(i.GetE_8421)
    i.GetMotorSpeed                          0x0800878c   Section        0  motor_encode.o(i.GetMotorSpeed)
    i.HAL_DMA_Abort                          0x080087cc   Section        0  stm32f1xx_hal_dma.o(i.HAL_DMA_Abort)
    i.HAL_DMA_Abort_IT                       0x08008824   Section        0  stm32f1xx_hal_dma.o(i.HAL_DMA_Abort_IT)
    i.HAL_DMA_IRQHandler                     0x080088d4   Section        0  stm32f1xx_hal_dma.o(i.HAL_DMA_IRQHandler)
    i.HAL_DMA_Init                           0x08008a70   Section        0  stm32f1xx_hal_dma.o(i.HAL_DMA_Init)
    i.HAL_Delay                              0x08008ad8   Section        0  system.o(i.HAL_Delay)
    i.HAL_GPIO_EXTI_Callback                 0x08008aec   Section        0  exti_it.o(i.HAL_GPIO_EXTI_Callback)
    i.HAL_GPIO_EXTI_IRQHandler               0x08008b88   Section        0  stm32f1xx_hal_gpio.o(i.HAL_GPIO_EXTI_IRQHandler)
    i.HAL_GPIO_Init                          0x08008ba4   Section        0  stm32f1xx_hal_gpio.o(i.HAL_GPIO_Init)
    i.HAL_GPIO_ReadPin                       0x08008ec4   Section        0  stm32f1xx_hal_gpio.o(i.HAL_GPIO_ReadPin)
    i.HAL_GPIO_WritePin                      0x08008ed4   Section        0  stm32f1xx_hal_gpio.o(i.HAL_GPIO_WritePin)
    i.HAL_IWDG_Refresh                       0x08008ee0   Section        0  stm32f1xx_hal_iwdg.o(i.HAL_IWDG_Refresh)
    i.HAL_IncTick                            0x08008ef0   Section        0  stm32f1xx_hal.o(i.HAL_IncTick)
    i.HAL_Init                               0x08008f08   Section        0  stm32f1xx_hal.o(i.HAL_Init)
    i.HAL_InitTick                           0x08008f30   Section        0  stm32f1xx_hal.o(i.HAL_InitTick)
    i.HAL_MspInit                            0x08008f7c   Section        0  stm32f1xx_hal_msp.o(i.HAL_MspInit)
    i.HAL_NVIC_EnableIRQ                     0x08008fd0   Section        0  stm32f1xx_hal_cortex.o(i.HAL_NVIC_EnableIRQ)
    i.HAL_NVIC_SetPriority                   0x08008ff0   Section        0  stm32f1xx_hal_cortex.o(i.HAL_NVIC_SetPriority)
    i.HAL_NVIC_SetPriorityGrouping           0x0800906c   Section        0  stm32f1xx_hal_cortex.o(i.HAL_NVIC_SetPriorityGrouping)
    i.HAL_RCC_GetHCLKFreq                    0x08009094   Section        0  stm32f1xx_hal_rcc.o(i.HAL_RCC_GetHCLKFreq)
    i.HAL_RCC_GetPCLK1Freq                   0x080090a0   Section        0  stm32f1xx_hal_rcc.o(i.HAL_RCC_GetPCLK1Freq)
    i.HAL_RCC_GetPCLK2Freq                   0x080090c0   Section        0  stm32f1xx_hal_rcc.o(i.HAL_RCC_GetPCLK2Freq)
    i.HAL_SYSTICK_Config                     0x080090e0   Section        0  stm32f1xx_hal_cortex.o(i.HAL_SYSTICK_Config)
    i.HAL_TIMEx_BreakCallback                0x08009114   Section        0  stm32f1xx_hal_tim_ex.o(i.HAL_TIMEx_BreakCallback)
    i.HAL_TIMEx_CommutCallback               0x08009116   Section        0  stm32f1xx_hal_tim_ex.o(i.HAL_TIMEx_CommutCallback)
    i.HAL_TIMEx_MasterConfigSynchronization  0x08009118   Section        0  stm32f1xx_hal_tim_ex.o(i.HAL_TIMEx_MasterConfigSynchronization)
    i.HAL_TIM_Base_Init                      0x0800919c   Section        0  stm32f1xx_hal_tim.o(i.HAL_TIM_Base_Init)
    i.HAL_TIM_Base_MspInit                   0x08009204   Section        0  tim.o(i.HAL_TIM_Base_MspInit)
    i.HAL_TIM_Base_Start_IT                  0x080092a4   Section        0  stm32f1xx_hal_tim.o(i.HAL_TIM_Base_Start_IT)
    i.HAL_TIM_Base_Stop_IT                   0x0800931c   Section        0  stm32f1xx_hal_tim.o(i.HAL_TIM_Base_Stop_IT)
    i.HAL_TIM_ConfigClockSource              0x0800935a   Section        0  stm32f1xx_hal_tim.o(i.HAL_TIM_ConfigClockSource)
    i.HAL_TIM_IC_CaptureCallback             0x08009466   Section        0  stm32f1xx_hal_tim.o(i.HAL_TIM_IC_CaptureCallback)
    i.HAL_TIM_IRQHandler                     0x08009468   Section        0  stm32f1xx_hal_tim.o(i.HAL_TIM_IRQHandler)
    i.HAL_TIM_MspPostInit                    0x08009600   Section        0  tim.o(i.HAL_TIM_MspPostInit)
    i.HAL_TIM_OC_DelayElapsedCallback        0x08009658   Section        0  stm32f1xx_hal_tim.o(i.HAL_TIM_OC_DelayElapsedCallback)
    i.HAL_TIM_PWM_ConfigChannel              0x0800965a   Section        0  stm32f1xx_hal_tim.o(i.HAL_TIM_PWM_ConfigChannel)
    i.HAL_TIM_PWM_Init                       0x0800975e   Section        0  stm32f1xx_hal_tim.o(i.HAL_TIM_PWM_Init)
    i.HAL_TIM_PWM_MspInit                    0x080097c4   Section        0  stm32f1xx_hal_tim.o(i.HAL_TIM_PWM_MspInit)
    i.HAL_TIM_PWM_PulseFinishedCallback      0x080097c6   Section        0  stm32f1xx_hal_tim.o(i.HAL_TIM_PWM_PulseFinishedCallback)
    i.HAL_TIM_PWM_Start                      0x080097c8   Section        0  stm32f1xx_hal_tim.o(i.HAL_TIM_PWM_Start)
    i.HAL_TIM_PeriodElapsedCallback          0x0800989c   Section        0  tim_it.o(i.HAL_TIM_PeriodElapsedCallback)
    i.HAL_TIM_TriggerCallback                0x080099cc   Section        0  stm32f1xx_hal_tim.o(i.HAL_TIM_TriggerCallback)
    i.HAL_UARTEx_RxEventCallback             0x080099ce   Section        0  stm32f1xx_hal_uart.o(i.HAL_UARTEx_RxEventCallback)
    i.HAL_UART_ErrorCallback                 0x080099d0   Section        0  stm32f1xx_hal_uart.o(i.HAL_UART_ErrorCallback)
    i.HAL_UART_IRQHandler                    0x080099d4   Section        0  stm32f1xx_hal_uart.o(i.HAL_UART_IRQHandler)
    i.HAL_UART_Init                          0x08009cb8   Section        0  stm32f1xx_hal_uart.o(i.HAL_UART_Init)
    i.HAL_UART_MspInit                       0x08009d30   Section        0  usart.o(i.HAL_UART_MspInit)
    i.HAL_UART_Receive_IT                    0x08009e04   Section        0  stm32f1xx_hal_uart.o(i.HAL_UART_Receive_IT)
    i.HAL_UART_RxCpltCallback                0x08009e30   Section        0  stm32f1xx_hal_uart.o(i.HAL_UART_RxCpltCallback)
    i.HAL_UART_Transmit_IT                   0x08009e32   Section        0  stm32f1xx_hal_uart.o(i.HAL_UART_Transmit_IT)
    i.HAL_UART_TxCpltCallback                0x08009e6c   Section        0  usart_it.o(i.HAL_UART_TxCpltCallback)
    i.HardFault_Handler                      0x08009e94   Section        0  stm32f1xx_it.o(i.HardFault_Handler)
    i.JamTask1                               0x08009e98   Section        0  tim_it.o(i.JamTask1)
    i.JamTask2                               0x08009efc   Section        0  tim_it.o(i.JamTask2)
    i.LL_SetSystemCoreClock                  0x08009f80   Section        0  stm32f1xx_ll_utils.o(i.LL_SetSystemCoreClock)
    i.MX_DMA_Init                            0x08009f8c   Section        0  dma.o(i.MX_DMA_Init)
    i.MX_GPIO_Init                           0x08009fc0   Section        0  gpio.o(i.MX_GPIO_Init)
    i.MX_TIM2_Init                           0x0800a110   Section        0  tim.o(i.MX_TIM2_Init)
    i.MX_TIM3_Init                           0x0800a17c   Section        0  tim.o(i.MX_TIM3_Init)
    i.MX_TIM4_Init                           0x0800a258   Section        0  tim.o(i.MX_TIM4_Init)
    i.MX_USART1_UART_Init                    0x0800a2c8   Section        0  usart.o(i.MX_USART1_UART_Init)
    i.MemManage_Handler                      0x0800a300   Section        0  stm32f1xx_it.o(i.MemManage_Handler)
    i.NMI_Handler                            0x0800a304   Section        0  stm32f1xx_it.o(i.NMI_Handler)
    i.PendSV_Handler                         0x0800a308   Section        0  stm32f1xx_it.o(i.PendSV_Handler)
    i.SVC_Handler                            0x0800a30a   Section        0  stm32f1xx_it.o(i.SVC_Handler)
    i.SetMotorCCW                            0x0800a30c   Section        0  motor.o(i.SetMotorCCW)
    i.SetMotorPWM                            0x0800a330   Section        0  motor.o(i.SetMotorPWM)
    i.SysTick_Handler                        0x0800a35c   Section        0  stm32f1xx_it.o(i.SysTick_Handler)
    i.SystemClock_Config                     0x0800a364   Section        0  main.o(i.SystemClock_Config)
    i.SystemInit                             0x0800a478   Section        0  system_stm32f1xx.o(i.SystemInit)
    i.TIM2_IRQHandler                        0x0800a47c   Section        0  stm32f1xx_it.o(i.TIM2_IRQHandler)
    i.TIM4_IRQHandler                        0x0800a48c   Section        0  stm32f1xx_it.o(i.TIM4_IRQHandler)
    i.TIM_Base_SetConfig                     0x0800a49c   Section        0  stm32f1xx_hal_tim.o(i.TIM_Base_SetConfig)
    i.TIM_CCxChannelCmd                      0x0800a510   Section        0  stm32f1xx_hal_tim.o(i.TIM_CCxChannelCmd)
    i.TIM_ETR_SetConfig                      0x0800a532   Section        0  stm32f1xx_hal_tim.o(i.TIM_ETR_SetConfig)
    i.TIM_ITRx_SetConfig                     0x0800a548   Section        0  stm32f1xx_hal_tim.o(i.TIM_ITRx_SetConfig)
    TIM_ITRx_SetConfig                       0x0800a549   Thumb Code    18  stm32f1xx_hal_tim.o(i.TIM_ITRx_SetConfig)
    i.TIM_OC1_SetConfig                      0x0800a55c   Section        0  stm32f1xx_hal_tim.o(i.TIM_OC1_SetConfig)
    TIM_OC1_SetConfig                        0x0800a55d   Thumb Code    90  stm32f1xx_hal_tim.o(i.TIM_OC1_SetConfig)
    i.TIM_OC2_SetConfig                      0x0800a5bc   Section        0  stm32f1xx_hal_tim.o(i.TIM_OC2_SetConfig)
    i.TIM_OC3_SetConfig                      0x0800a624   Section        0  stm32f1xx_hal_tim.o(i.TIM_OC3_SetConfig)
    TIM_OC3_SetConfig                        0x0800a625   Thumb Code    98  stm32f1xx_hal_tim.o(i.TIM_OC3_SetConfig)
    i.TIM_OC4_SetConfig                      0x0800a68c   Section        0  stm32f1xx_hal_tim.o(i.TIM_OC4_SetConfig)
    TIM_OC4_SetConfig                        0x0800a68d   Thumb Code    68  stm32f1xx_hal_tim.o(i.TIM_OC4_SetConfig)
    i.TIM_TI1_ConfigInputStage               0x0800a6d4   Section        0  stm32f1xx_hal_tim.o(i.TIM_TI1_ConfigInputStage)
    TIM_TI1_ConfigInputStage                 0x0800a6d5   Thumb Code    38  stm32f1xx_hal_tim.o(i.TIM_TI1_ConfigInputStage)
    i.TIM_TI2_ConfigInputStage               0x0800a6fa   Section        0  stm32f1xx_hal_tim.o(i.TIM_TI2_ConfigInputStage)
    TIM_TI2_ConfigInputStage                 0x0800a6fb   Thumb Code    40  stm32f1xx_hal_tim.o(i.TIM_TI2_ConfigInputStage)
    i.UART_DMAAbortOnError                   0x0800a722   Section        0  stm32f1xx_hal_uart.o(i.UART_DMAAbortOnError)
    UART_DMAAbortOnError                     0x0800a723   Thumb Code    20  stm32f1xx_hal_uart.o(i.UART_DMAAbortOnError)
    i.UART_EndRxTransfer                     0x0800a736   Section        0  stm32f1xx_hal_uart.o(i.UART_EndRxTransfer)
    UART_EndRxTransfer                       0x0800a737   Thumb Code   108  stm32f1xx_hal_uart.o(i.UART_EndRxTransfer)
    i.UART_EndTransmit_IT                    0x0800a7a2   Section        0  stm32f1xx_hal_uart.o(i.UART_EndTransmit_IT)
    UART_EndTransmit_IT                      0x0800a7a3   Thumb Code    32  stm32f1xx_hal_uart.o(i.UART_EndTransmit_IT)
    i.UART_Receive_IT                        0x0800a7c2   Section        0  stm32f1xx_hal_uart.o(i.UART_Receive_IT)
    UART_Receive_IT                          0x0800a7c3   Thumb Code   252  stm32f1xx_hal_uart.o(i.UART_Receive_IT)
    i.UART_SetConfig                         0x0800a8c0   Section        0  stm32f1xx_hal_uart.o(i.UART_SetConfig)
    UART_SetConfig                           0x0800a8c1   Thumb Code   248  stm32f1xx_hal_uart.o(i.UART_SetConfig)
    i.UART_Start_Receive_IT                  0x0800a9bc   Section        0  stm32f1xx_hal_uart.o(i.UART_Start_Receive_IT)
    i.UART_Transmit_IT                       0x0800a9fc   Section        0  stm32f1xx_hal_uart.o(i.UART_Transmit_IT)
    UART_Transmit_IT                         0x0800a9fd   Thumb Code    96  stm32f1xx_hal_uart.o(i.UART_Transmit_IT)
    i.USART1_IDLE_Handler                    0x0800aa5c   Section        0  usart_it.o(i.USART1_IDLE_Handler)
    i.USART1_IRQHandler                      0x0800ab70   Section        0  stm32f1xx_it.o(i.USART1_IRQHandler)
    i.UsageFault_Handler                     0x0800ab84   Section        0  stm32f1xx_it.o(i.UsageFault_Handler)
    i.__NVIC_GetPriorityGrouping             0x0800ab88   Section        0  stm32f1xx_hal_cortex.o(i.__NVIC_GetPriorityGrouping)
    __NVIC_GetPriorityGrouping               0x0800ab89   Thumb Code    10  stm32f1xx_hal_cortex.o(i.__NVIC_GetPriorityGrouping)
    i.__NVIC_SetPriority                     0x0800ab98   Section        0  stm32f1xx_hal_cortex.o(i.__NVIC_SetPriority)
    __NVIC_SetPriority                       0x0800ab99   Thumb Code    32  stm32f1xx_hal_cortex.o(i.__NVIC_SetPriority)
    i.__scatterload_copy                     0x0800abc0   Section       14  handlers.o(i.__scatterload_copy)
    i.__scatterload_null                     0x0800abce   Section        2  handlers.o(i.__scatterload_null)
    i.__scatterload_zeroinit                 0x0800abd0   Section       14  handlers.o(i.__scatterload_zeroinit)
    i.delay_us                               0x0800abde   Section        0  system.o(i.delay_us)
    i.increment_pid_ctrl                     0x0800ac14   Section        0  pid.o(i.increment_pid_ctrl)
    i.main                                   0x0800acb8   Section        0  main.o(i.main)
    i.myHAL_TIM_PeriodElapsedCallback        0x0800adcc   Section        0  tim_it.o(i.myHAL_TIM_PeriodElapsedCallback)
    i.pid_init                               0x0800af9c   Section        0  pid.o(i.pid_init)
    .constdata                               0x0800afec   Section       24  system_stm32f1xx.o(.constdata)
    .data                                    0x20000000   Section        5  main.o(.data)
    .data                                    0x20000008   Section       39  tim_it.o(.data)
    tim4_n                                   0x20000028   Data           2  tim_it.o(.data)
    start_flag                               0x2000002a   Data           1  tim_it.o(.data)
    tim2_n                                   0x2000002c   Data           2  tim_it.o(.data)
    nn                                       0x2000002e   Data           1  tim_it.o(.data)
    .data                                    0x20000030   Section        4  exti_it.o(.data)
    .data                                    0x20000034   Section        2  usart_it.o(.data)
    .data                                    0x20000036   Section        4  motor_encode.o(.data)
    .data                                    0x2000003a   Section        1  motor.o(.data)
    .data                                    0x2000003c   Section        9  stm32f1xx_hal.o(.data)
    .data                                    0x20000048   Section        4  system_stm32f1xx.o(.data)
    .bss                                     0x2000004c   Section       12  iwdg.o(.bss)
    .bss                                     0x20000058   Section      216  tim.o(.bss)
    .bss                                     0x20000130   Section      140  usart.o(.bss)
    .bss                                     0x200001bc   Section      412  usart_it.o(.bss)
    .bss                                     0x20000358   Section       72  pid.o(.bss)
    STACK                                    0x200003a0   Section     2048  startup_stm32f103xb.o(STACK)

    Global Symbols

    Symbol Name                              Value     Ov Type        Size  Object(Section)

    BuildAttributes$$THM_ISAv4$P$D$K$B$S$PE$A:L22UL41UL21$X:L11$S22US41US21$IEEE1$IW$USESV6$~STKCKD$USESV7$~SHL$OTIME$ROPI$EBA8$MICROLIB$REQ8$PRES8$EABIv2 0x00000000   Number         0  anon$$obj.o ABSOLUTE
    __ARM_use_no_argv                        0x00000000   Number         0  main.o ABSOLUTE
    __cpp_initialize__aeabi_                  - Undefined Weak Reference
    __cxa_finalize                            - Undefined Weak Reference
    __decompress                              - Undefined Weak Reference
    _clock_init                               - Undefined Weak Reference
    _microlib_exit                            - Undefined Weak Reference
    __Vectors_Size                           0x000000ec   Number         0  startup_stm32f103xb.o ABSOLUTE
    __Vectors                                0x08008000   Data           4  startup_stm32f103xb.o(RESET)
    __Vectors_End                            0x080080ec   Data           0  startup_stm32f103xb.o(RESET)
    __main                                   0x080080ed   Thumb Code     0  entry.o(.ARM.Collect$$$$00000000)
    _main_stk                                0x080080ed   Thumb Code     0  entry2.o(.ARM.Collect$$$$00000001)
    _main_scatterload                        0x080080f1   Thumb Code     0  entry5.o(.ARM.Collect$$$$00000004)
    __main_after_scatterload                 0x080080f5   Thumb Code     0  entry5.o(.ARM.Collect$$$$00000004)
    _main_clock                              0x080080f5   Thumb Code     0  entry7b.o(.ARM.Collect$$$$00000008)
    _main_cpp_init                           0x080080f5   Thumb Code     0  entry8b.o(.ARM.Collect$$$$0000000A)
    _main_init                               0x080080f5   Thumb Code     0  entry9a.o(.ARM.Collect$$$$0000000B)
    __rt_final_cpp                           0x080080fd   Thumb Code     0  entry10a.o(.ARM.Collect$$$$0000000D)
    __rt_final_exit                          0x080080fd   Thumb Code     0  entry11a.o(.ARM.Collect$$$$0000000F)
    Reset_Handler                            0x08008101   Thumb Code     8  startup_stm32f103xb.o(.text)
    ADC1_2_IRQHandler                        0x0800811b   Thumb Code     0  startup_stm32f103xb.o(.text)
    CAN1_RX1_IRQHandler                      0x0800811b   Thumb Code     0  startup_stm32f103xb.o(.text)
    CAN1_SCE_IRQHandler                      0x0800811b   Thumb Code     0  startup_stm32f103xb.o(.text)
    DMA1_Channel1_IRQHandler                 0x0800811b   Thumb Code     0  startup_stm32f103xb.o(.text)
    DMA1_Channel2_IRQHandler                 0x0800811b   Thumb Code     0  startup_stm32f103xb.o(.text)
    DMA1_Channel3_IRQHandler                 0x0800811b   Thumb Code     0  startup_stm32f103xb.o(.text)
    DMA1_Channel5_IRQHandler                 0x0800811b   Thumb Code     0  startup_stm32f103xb.o(.text)
    DMA1_Channel6_IRQHandler                 0x0800811b   Thumb Code     0  startup_stm32f103xb.o(.text)
    DMA1_Channel7_IRQHandler                 0x0800811b   Thumb Code     0  startup_stm32f103xb.o(.text)
    EXTI0_IRQHandler                         0x0800811b   Thumb Code     0  startup_stm32f103xb.o(.text)
    EXTI15_10_IRQHandler                     0x0800811b   Thumb Code     0  startup_stm32f103xb.o(.text)
    EXTI1_IRQHandler                         0x0800811b   Thumb Code     0  startup_stm32f103xb.o(.text)
    EXTI2_IRQHandler                         0x0800811b   Thumb Code     0  startup_stm32f103xb.o(.text)
    EXTI3_IRQHandler                         0x0800811b   Thumb Code     0  startup_stm32f103xb.o(.text)
    EXTI4_IRQHandler                         0x0800811b   Thumb Code     0  startup_stm32f103xb.o(.text)
    FLASH_IRQHandler                         0x0800811b   Thumb Code     0  startup_stm32f103xb.o(.text)
    I2C1_ER_IRQHandler                       0x0800811b   Thumb Code     0  startup_stm32f103xb.o(.text)
    I2C1_EV_IRQHandler                       0x0800811b   Thumb Code     0  startup_stm32f103xb.o(.text)
    I2C2_ER_IRQHandler                       0x0800811b   Thumb Code     0  startup_stm32f103xb.o(.text)
    I2C2_EV_IRQHandler                       0x0800811b   Thumb Code     0  startup_stm32f103xb.o(.text)
    PVD_IRQHandler                           0x0800811b   Thumb Code     0  startup_stm32f103xb.o(.text)
    RCC_IRQHandler                           0x0800811b   Thumb Code     0  startup_stm32f103xb.o(.text)
    RTC_Alarm_IRQHandler                     0x0800811b   Thumb Code     0  startup_stm32f103xb.o(.text)
    RTC_IRQHandler                           0x0800811b   Thumb Code     0  startup_stm32f103xb.o(.text)
    SPI1_IRQHandler                          0x0800811b   Thumb Code     0  startup_stm32f103xb.o(.text)
    SPI2_IRQHandler                          0x0800811b   Thumb Code     0  startup_stm32f103xb.o(.text)
    TAMPER_IRQHandler                        0x0800811b   Thumb Code     0  startup_stm32f103xb.o(.text)
    TIM1_BRK_IRQHandler                      0x0800811b   Thumb Code     0  startup_stm32f103xb.o(.text)
    TIM1_CC_IRQHandler                       0x0800811b   Thumb Code     0  startup_stm32f103xb.o(.text)
    TIM1_TRG_COM_IRQHandler                  0x0800811b   Thumb Code     0  startup_stm32f103xb.o(.text)
    TIM1_UP_IRQHandler                       0x0800811b   Thumb Code     0  startup_stm32f103xb.o(.text)
    TIM3_IRQHandler                          0x0800811b   Thumb Code     0  startup_stm32f103xb.o(.text)
    USART2_IRQHandler                        0x0800811b   Thumb Code     0  startup_stm32f103xb.o(.text)
    USART3_IRQHandler                        0x0800811b   Thumb Code     0  startup_stm32f103xb.o(.text)
    USBWakeUp_IRQHandler                     0x0800811b   Thumb Code     0  startup_stm32f103xb.o(.text)
    USB_HP_CAN1_TX_IRQHandler                0x0800811b   Thumb Code     0  startup_stm32f103xb.o(.text)
    USB_LP_CAN1_RX0_IRQHandler               0x0800811b   Thumb Code     0  startup_stm32f103xb.o(.text)
    WWDG_IRQHandler                          0x0800811b   Thumb Code     0  startup_stm32f103xb.o(.text)
    __aeabi_llsr                             0x08008125   Thumb Code    32  llushr.o(.text)
    _ll_ushift_r                             0x08008125   Thumb Code     0  llushr.o(.text)
    __aeabi_memcpy                           0x08008145   Thumb Code    36  memcpya.o(.text)
    __aeabi_memcpy4                          0x08008145   Thumb Code     0  memcpya.o(.text)
    __aeabi_memcpy8                          0x08008145   Thumb Code     0  memcpya.o(.text)
    __aeabi_memset                           0x08008169   Thumb Code    14  memseta.o(.text)
    __aeabi_memset4                          0x08008169   Thumb Code     0  memseta.o(.text)
    __aeabi_memset8                          0x08008169   Thumb Code     0  memseta.o(.text)
    __aeabi_memclr                           0x08008177   Thumb Code     4  memseta.o(.text)
    __aeabi_memclr4                          0x08008177   Thumb Code     0  memseta.o(.text)
    __aeabi_memclr8                          0x08008177   Thumb Code     0  memseta.o(.text)
    _memset$wrapper                          0x0800817b   Thumb Code    18  memseta.o(.text)
    __aeabi_fadd                             0x0800818d   Thumb Code   164  fadd.o(.text)
    __aeabi_fsub                             0x08008231   Thumb Code     6  fadd.o(.text)
    __aeabi_frsub                            0x08008237   Thumb Code     6  fadd.o(.text)
    __aeabi_fmul                             0x0800823d   Thumb Code   100  fmul.o(.text)
    __aeabi_dmul                             0x080082a1   Thumb Code   228  dmul.o(.text)
    __aeabi_ddiv                             0x08008385   Thumb Code   222  ddiv.o(.text)
    __aeabi_ui2f                             0x08008463   Thumb Code    10  ffltui.o(.text)
    __aeabi_i2d                              0x0800846d   Thumb Code    34  dflti.o(.text)
    __aeabi_ui2d                             0x0800848f   Thumb Code    26  dfltui.o(.text)
    __aeabi_f2iz                             0x080084a9   Thumb Code    50  ffixi.o(.text)
    __aeabi_cdcmpeq                          0x080084dd   Thumb Code     0  cdcmple.o(.text)
    __aeabi_cdcmple                          0x080084dd   Thumb Code    48  cdcmple.o(.text)
    __aeabi_cfcmpeq                          0x0800850d   Thumb Code     0  cfcmple.o(.text)
    __aeabi_cfcmple                          0x0800850d   Thumb Code    20  cfcmple.o(.text)
    __aeabi_cfrcmple                         0x08008521   Thumb Code    20  cfrcmple.o(.text)
    __I$use$fp                               0x08008535   Thumb Code     0  iusefp.o(.text)
    _float_round                             0x08008535   Thumb Code    18  fepilogue.o(.text)
    _float_epilogue                          0x08008547   Thumb Code    92  fepilogue.o(.text)
    _double_round                            0x080085a3   Thumb Code    30  depilogue.o(.text)
    _double_epilogue                         0x080085c1   Thumb Code   156  depilogue.o(.text)
    __scatterload                            0x0800865d   Thumb Code    28  init.o(.text)
    __scatterload_rt2                        0x0800865d   Thumb Code     0  init.o(.text)
    __aeabi_llsl                             0x08008681   Thumb Code    30  llshl.o(.text)
    _ll_shift_l                              0x08008681   Thumb Code     0  llshl.o(.text)
    BusFault_Handler                         0x0800869f   Thumb Code     4  stm32f1xx_it.o(i.BusFault_Handler)
    DMA1_Channel4_IRQHandler                 0x080086a5   Thumb Code    10  stm32f1xx_it.o(i.DMA1_Channel4_IRQHandler)
    DebugMon_Handler                         0x080086b5   Thumb Code     2  stm32f1xx_it.o(i.DebugMon_Handler)
    EXTI9_5_IRQHandler                       0x080086b7   Thumb Code    16  stm32f1xx_it.o(i.EXTI9_5_IRQHandler)
    Error_Handler                            0x080086c7   Thumb Code     6  main.o(i.Error_Handler)
    GetE_8421                                0x080086cd   Thumb Code   186  e_8421.o(i.GetE_8421)
    GetMotorSpeed                            0x0800878d   Thumb Code    56  motor_encode.o(i.GetMotorSpeed)
    HAL_DMA_Abort                            0x080087cd   Thumb Code    86  stm32f1xx_hal_dma.o(i.HAL_DMA_Abort)
    HAL_DMA_Abort_IT                         0x08008825   Thumb Code   172  stm32f1xx_hal_dma.o(i.HAL_DMA_Abort_IT)
    HAL_DMA_IRQHandler                       0x080088d5   Thumb Code   408  stm32f1xx_hal_dma.o(i.HAL_DMA_IRQHandler)
    HAL_DMA_Init                             0x08008a71   Thumb Code   100  stm32f1xx_hal_dma.o(i.HAL_DMA_Init)
    HAL_Delay                                0x08008ad9   Thumb Code    18  system.o(i.HAL_Delay)
    HAL_GPIO_EXTI_Callback                   0x08008aed   Thumb Code   134  exti_it.o(i.HAL_GPIO_EXTI_Callback)
    HAL_GPIO_EXTI_IRQHandler                 0x08008b89   Thumb Code    24  stm32f1xx_hal_gpio.o(i.HAL_GPIO_EXTI_IRQHandler)
    HAL_GPIO_Init                            0x08008ba5   Thumb Code   766  stm32f1xx_hal_gpio.o(i.HAL_GPIO_Init)
    HAL_GPIO_ReadPin                         0x08008ec5   Thumb Code    16  stm32f1xx_hal_gpio.o(i.HAL_GPIO_ReadPin)
    HAL_GPIO_WritePin                        0x08008ed5   Thumb Code    12  stm32f1xx_hal_gpio.o(i.HAL_GPIO_WritePin)
    HAL_IWDG_Refresh                         0x08008ee1   Thumb Code    14  stm32f1xx_hal_iwdg.o(i.HAL_IWDG_Refresh)
    HAL_IncTick                              0x08008ef1   Thumb Code    16  stm32f1xx_hal.o(i.HAL_IncTick)
    HAL_Init                                 0x08008f09   Thumb Code    34  stm32f1xx_hal.o(i.HAL_Init)
    HAL_InitTick                             0x08008f31   Thumb Code    64  stm32f1xx_hal.o(i.HAL_InitTick)
    HAL_MspInit                              0x08008f7d   Thumb Code    76  stm32f1xx_hal_msp.o(i.HAL_MspInit)
    HAL_NVIC_EnableIRQ                       0x08008fd1   Thumb Code    32  stm32f1xx_hal_cortex.o(i.HAL_NVIC_EnableIRQ)
    HAL_NVIC_SetPriority                     0x08008ff1   Thumb Code   124  stm32f1xx_hal_cortex.o(i.HAL_NVIC_SetPriority)
    HAL_NVIC_SetPriorityGrouping             0x0800906d   Thumb Code    32  stm32f1xx_hal_cortex.o(i.HAL_NVIC_SetPriorityGrouping)
    HAL_RCC_GetHCLKFreq                      0x08009095   Thumb Code     6  stm32f1xx_hal_rcc.o(i.HAL_RCC_GetHCLKFreq)
    HAL_RCC_GetPCLK1Freq                     0x080090a1   Thumb Code    22  stm32f1xx_hal_rcc.o(i.HAL_RCC_GetPCLK1Freq)
    HAL_RCC_GetPCLK2Freq                     0x080090c1   Thumb Code    22  stm32f1xx_hal_rcc.o(i.HAL_RCC_GetPCLK2Freq)
    HAL_SYSTICK_Config                       0x080090e1   Thumb Code    52  stm32f1xx_hal_cortex.o(i.HAL_SYSTICK_Config)
    HAL_TIMEx_BreakCallback                  0x08009115   Thumb Code     2  stm32f1xx_hal_tim_ex.o(i.HAL_TIMEx_BreakCallback)
    HAL_TIMEx_CommutCallback                 0x08009117   Thumb Code     2  stm32f1xx_hal_tim_ex.o(i.HAL_TIMEx_CommutCallback)
    HAL_TIMEx_MasterConfigSynchronization    0x08009119   Thumb Code   118  stm32f1xx_hal_tim_ex.o(i.HAL_TIMEx_MasterConfigSynchronization)
    HAL_TIM_Base_Init                        0x0800919d   Thumb Code   102  stm32f1xx_hal_tim.o(i.HAL_TIM_Base_Init)
    HAL_TIM_Base_MspInit                     0x08009205   Thumb Code   148  tim.o(i.HAL_TIM_Base_MspInit)
    HAL_TIM_Base_Start_IT                    0x080092a5   Thumb Code   106  stm32f1xx_hal_tim.o(i.HAL_TIM_Base_Start_IT)
    HAL_TIM_Base_Stop_IT                     0x0800931d   Thumb Code    62  stm32f1xx_hal_tim.o(i.HAL_TIM_Base_Stop_IT)
    HAL_TIM_ConfigClockSource                0x0800935b   Thumb Code   268  stm32f1xx_hal_tim.o(i.HAL_TIM_ConfigClockSource)
    HAL_TIM_IC_CaptureCallback               0x08009467   Thumb Code     2  stm32f1xx_hal_tim.o(i.HAL_TIM_IC_CaptureCallback)
    HAL_TIM_IRQHandler                       0x08009469   Thumb Code   406  stm32f1xx_hal_tim.o(i.HAL_TIM_IRQHandler)
    HAL_TIM_MspPostInit                      0x08009601   Thumb Code    76  tim.o(i.HAL_TIM_MspPostInit)
    HAL_TIM_OC_DelayElapsedCallback          0x08009659   Thumb Code     2  stm32f1xx_hal_tim.o(i.HAL_TIM_OC_DelayElapsedCallback)
    HAL_TIM_PWM_ConfigChannel                0x0800965b   Thumb Code   260  stm32f1xx_hal_tim.o(i.HAL_TIM_PWM_ConfigChannel)
    HAL_TIM_PWM_Init                         0x0800975f   Thumb Code   102  stm32f1xx_hal_tim.o(i.HAL_TIM_PWM_Init)
    HAL_TIM_PWM_MspInit                      0x080097c5   Thumb Code     2  stm32f1xx_hal_tim.o(i.HAL_TIM_PWM_MspInit)
    HAL_TIM_PWM_PulseFinishedCallback        0x080097c7   Thumb Code     2  stm32f1xx_hal_tim.o(i.HAL_TIM_PWM_PulseFinishedCallback)
    HAL_TIM_PWM_Start                        0x080097c9   Thumb Code   198  stm32f1xx_hal_tim.o(i.HAL_TIM_PWM_Start)
    HAL_TIM_PeriodElapsedCallback            0x0800989d   Thumb Code   264  tim_it.o(i.HAL_TIM_PeriodElapsedCallback)
    HAL_TIM_TriggerCallback                  0x080099cd   Thumb Code     2  stm32f1xx_hal_tim.o(i.HAL_TIM_TriggerCallback)
    HAL_UARTEx_RxEventCallback               0x080099cf   Thumb Code     2  stm32f1xx_hal_uart.o(i.HAL_UARTEx_RxEventCallback)
    HAL_UART_ErrorCallback                   0x080099d1   Thumb Code     2  stm32f1xx_hal_uart.o(i.HAL_UART_ErrorCallback)
    HAL_UART_IRQHandler                      0x080099d5   Thumb Code   736  stm32f1xx_hal_uart.o(i.HAL_UART_IRQHandler)
    HAL_UART_Init                            0x08009cb9   Thumb Code   118  stm32f1xx_hal_uart.o(i.HAL_UART_Init)
    HAL_UART_MspInit                         0x08009d31   Thumb Code   190  usart.o(i.HAL_UART_MspInit)
    HAL_UART_Receive_IT                      0x08009e05   Thumb Code    44  stm32f1xx_hal_uart.o(i.HAL_UART_Receive_IT)
    HAL_UART_RxCpltCallback                  0x08009e31   Thumb Code     2  stm32f1xx_hal_uart.o(i.HAL_UART_RxCpltCallback)
    HAL_UART_Transmit_IT                     0x08009e33   Thumb Code    56  stm32f1xx_hal_uart.o(i.HAL_UART_Transmit_IT)
    HAL_UART_TxCpltCallback                  0x08009e6d   Thumb Code    30  usart_it.o(i.HAL_UART_TxCpltCallback)
    HardFault_Handler                        0x08009e95   Thumb Code     4  stm32f1xx_it.o(i.HardFault_Handler)
    JamTask1                                 0x08009e99   Thumb Code    84  tim_it.o(i.JamTask1)
    JamTask2                                 0x08009efd   Thumb Code   104  tim_it.o(i.JamTask2)
    LL_SetSystemCoreClock                    0x08009f81   Thumb Code     6  stm32f1xx_ll_utils.o(i.LL_SetSystemCoreClock)
    MX_DMA_Init                              0x08009f8d   Thumb Code    48  dma.o(i.MX_DMA_Init)
    MX_GPIO_Init                             0x08009fc1   Thumb Code   316  gpio.o(i.MX_GPIO_Init)
    MX_TIM2_Init                             0x0800a111   Thumb Code   104  tim.o(i.MX_TIM2_Init)
    MX_TIM3_Init                             0x0800a17d   Thumb Code   210  tim.o(i.MX_TIM3_Init)
    MX_TIM4_Init                             0x0800a259   Thumb Code   102  tim.o(i.MX_TIM4_Init)
    MX_USART1_UART_Init                      0x0800a2c9   Thumb Code    46  usart.o(i.MX_USART1_UART_Init)
    MemManage_Handler                        0x0800a301   Thumb Code     4  stm32f1xx_it.o(i.MemManage_Handler)
    NMI_Handler                              0x0800a305   Thumb Code     4  stm32f1xx_it.o(i.NMI_Handler)
    PendSV_Handler                           0x0800a309   Thumb Code     2  stm32f1xx_it.o(i.PendSV_Handler)
    SVC_Handler                              0x0800a30b   Thumb Code     2  stm32f1xx_it.o(i.SVC_Handler)
    SetMotorCCW                              0x0800a30d   Thumb Code    32  motor.o(i.SetMotorCCW)
    SetMotorPWM                              0x0800a331   Thumb Code    38  motor.o(i.SetMotorPWM)
    SysTick_Handler                          0x0800a35d   Thumb Code     8  stm32f1xx_it.o(i.SysTick_Handler)
    SystemClock_Config                       0x0800a365   Thumb Code   264  main.o(i.SystemClock_Config)
    SystemInit                               0x0800a479   Thumb Code     2  system_stm32f1xx.o(i.SystemInit)
    TIM2_IRQHandler                          0x0800a47d   Thumb Code    10  stm32f1xx_it.o(i.TIM2_IRQHandler)
    TIM4_IRQHandler                          0x0800a48d   Thumb Code    10  stm32f1xx_it.o(i.TIM4_IRQHandler)
    TIM_Base_SetConfig                       0x0800a49d   Thumb Code   104  stm32f1xx_hal_tim.o(i.TIM_Base_SetConfig)
    TIM_CCxChannelCmd                        0x0800a511   Thumb Code    34  stm32f1xx_hal_tim.o(i.TIM_CCxChannelCmd)
    TIM_ETR_SetConfig                        0x0800a533   Thumb Code    22  stm32f1xx_hal_tim.o(i.TIM_ETR_SetConfig)
    TIM_OC2_SetConfig                        0x0800a5bd   Thumb Code   100  stm32f1xx_hal_tim.o(i.TIM_OC2_SetConfig)
    UART_Start_Receive_IT                    0x0800a9bd   Thumb Code    64  stm32f1xx_hal_uart.o(i.UART_Start_Receive_IT)
    USART1_IDLE_Handler                      0x0800aa5d   Thumb Code   234  usart_it.o(i.USART1_IDLE_Handler)
    USART1_IRQHandler                        0x0800ab71   Thumb Code    14  stm32f1xx_it.o(i.USART1_IRQHandler)
    UsageFault_Handler                       0x0800ab85   Thumb Code     4  stm32f1xx_it.o(i.UsageFault_Handler)
    __scatterload_copy                       0x0800abc1   Thumb Code    14  handlers.o(i.__scatterload_copy)
    __scatterload_null                       0x0800abcf   Thumb Code     2  handlers.o(i.__scatterload_null)
    __scatterload_zeroinit                   0x0800abd1   Thumb Code    14  handlers.o(i.__scatterload_zeroinit)
    delay_us                                 0x0800abdf   Thumb Code    54  system.o(i.delay_us)
    increment_pid_ctrl                       0x0800ac15   Thumb Code   154  pid.o(i.increment_pid_ctrl)
    main                                     0x0800acb9   Thumb Code   232  main.o(i.main)
    myHAL_TIM_PeriodElapsedCallback          0x0800adcd   Thumb Code   416  tim_it.o(i.myHAL_TIM_PeriodElapsedCallback)
    pid_init                                 0x0800af9d   Thumb Code    56  pid.o(i.pid_init)
    AHBPrescTable                            0x0800afec   Data          16  system_stm32f1xx.o(.constdata)
    APBPrescTable                            0x0800affc   Data           8  system_stm32f1xx.o(.constdata)
    Region$$Table$$Base                      0x0800b004   Number         0  anon$$obj.o(Region$$Table)
    Region$$Table$$Limit                     0x0800b024   Number         0  anon$$obj.o(Region$$Table)
    outsum                                   0x20000000   Data           4  main.o(.data)
    SSS                                      0x20000004   Data           1  main.o(.data)
    MotorJamStruct1                          0x20000008   Data           5  tim_it.o(.data)
    MotorJamStruct2                          0x2000000d   Data           5  tim_it.o(.data)
    Jam_n                                    0x20000012   Data           2  tim_it.o(.data)
    Jam_Flag                                 0x20000014   Data           1  tim_it.o(.data)
    start_n                                  0x20000018   Data           8  tim_it.o(.data)
    FFT_Flag                                 0x20000020   Data           1  tim_it.o(.data)
    i                                        0x20000022   Data           2  tim_it.o(.data)
    KartunPulse                              0x20000024   Data           2  tim_it.o(.data)
    Tim_Flag                                 0x20000026   Data           1  tim_it.o(.data)
    Number                                   0x20000027   Data           1  tim_it.o(.data)
    EXTI6_N                                  0x20000030   Data           2  exti_it.o(.data)
    EXTI7_N                                  0x20000032   Data           2  exti_it.o(.data)
    SeedBCondition                           0x20000034   Data           1  usart_it.o(.data)
    usart_rxFlag                             0x20000035   Data           1  usart_it.o(.data)
    M1Speed                                  0x20000036   Data           2  motor_encode.o(.data)
    M2Speed                                  0x20000038   Data           2  motor_encode.o(.data)
    U_Speed                                  0x2000003a   Data           1  motor.o(.data)
    uwTick                                   0x2000003c   Data           4  stm32f1xx_hal.o(.data)
    uwTickPrio                               0x20000040   Data           4  stm32f1xx_hal.o(.data)
    uwTickFreq                               0x20000044   Data           1  stm32f1xx_hal.o(.data)
    SystemCoreClock                          0x20000048   Data           4  system_stm32f1xx.o(.data)
    hiwdg                                    0x2000004c   Data          12  iwdg.o(.bss)
    htim2                                    0x20000058   Data          72  tim.o(.bss)
    htim3                                    0x200000a0   Data          72  tim.o(.bss)
    htim4                                    0x200000e8   Data          72  tim.o(.bss)
    huart1                                   0x20000130   Data          72  usart.o(.bss)
    hdma_usart1_tx                           0x20000178   Data          68  usart.o(.bss)
    USART1_RxStruct                          0x200001bc   Data         402  usart_it.o(.bss)
    TxCMD                                    0x2000034e   Data          10  usart_it.o(.bss)
    g_speed_pid1                             0x20000358   Data          36  pid.o(.bss)
    g_speed_pid2                             0x2000037c   Data          36  pid.o(.bss)
    __initial_sp                             0x20000ba0   Data           0  startup_stm32f103xb.o(STACK)



==============================================================================

Memory Map of the image

  Image Entry point : 0x080080ed

  Load Region LR_IROM1 (Base: 0x08008000, Size: 0x00003070, Max: 0x00008000, ABSOLUTE)

    Execution Region ER_IROM1 (Base: 0x08008000, Size: 0x00003024, Max: 0x00008000, ABSOLUTE)

    Base Addr    Size         Type   Attr      Idx    E Section Name        Object

    0x08008000   0x000000ec   Data   RO            3    RESET               startup_stm32f103xb.o
    0x080080ec   0x00000000   Code   RO          594  * .ARM.Collect$$$$00000000  mc_w.l(entry.o)
    0x080080ec   0x00000004   Code   RO          612    .ARM.Collect$$$$00000001  mc_w.l(entry2.o)
    0x080080f0   0x00000004   Code   RO          615    .ARM.Collect$$$$00000004  mc_w.l(entry5.o)
    0x080080f4   0x00000000   Code   RO          617    .ARM.Collect$$$$00000008  mc_w.l(entry7b.o)
    0x080080f4   0x00000000   Code   RO          619    .ARM.Collect$$$$0000000A  mc_w.l(entry8b.o)
    0x080080f4   0x00000008   Code   RO          620    .ARM.Collect$$$$0000000B  mc_w.l(entry9a.o)
    0x080080fc   0x00000000   Code   RO          622    .ARM.Collect$$$$0000000D  mc_w.l(entry10a.o)
    0x080080fc   0x00000000   Code   RO          624    .ARM.Collect$$$$0000000F  mc_w.l(entry11a.o)
    0x080080fc   0x00000004   Code   RO          613    .ARM.Collect$$$$00002712  mc_w.l(entry2.o)
    0x08008100   0x00000024   Code   RO            4    .text               startup_stm32f103xb.o
    0x08008124   0x00000020   Code   RO          597    .text               mc_w.l(llushr.o)
    0x08008144   0x00000024   Code   RO          598    .text               mc_w.l(memcpya.o)
    0x08008168   0x00000024   Code   RO          599    .text               mc_w.l(memseta.o)
    0x0800818c   0x000000b0   Code   RO          601    .text               mf_w.l(fadd.o)
    0x0800823c   0x00000064   Code   RO          602    .text               mf_w.l(fmul.o)
    0x080082a0   0x000000e4   Code   RO          603    .text               mf_w.l(dmul.o)
    0x08008384   0x000000de   Code   RO          604    .text               mf_w.l(ddiv.o)
    0x08008462   0x0000000a   Code   RO          605    .text               mf_w.l(ffltui.o)
    0x0800846c   0x00000022   Code   RO          606    .text               mf_w.l(dflti.o)
    0x0800848e   0x0000001a   Code   RO          607    .text               mf_w.l(dfltui.o)
    0x080084a8   0x00000032   Code   RO          608    .text               mf_w.l(ffixi.o)
    0x080084da   0x00000002   PAD
    0x080084dc   0x00000030   Code   RO          609    .text               mf_w.l(cdcmple.o)
    0x0800850c   0x00000014   Code   RO          610    .text               mf_w.l(cfcmple.o)
    0x08008520   0x00000014   Code   RO          611    .text               mf_w.l(cfrcmple.o)
    0x08008534   0x00000000   Code   RO          626    .text               mc_w.l(iusefp.o)
    0x08008534   0x0000006e   Code   RO          627    .text               mf_w.l(fepilogue.o)
    0x080085a2   0x000000ba   Code   RO          628    .text               mf_w.l(depilogue.o)
    0x0800865c   0x00000024   Code   RO          629    .text               mc_w.l(init.o)
    0x08008680   0x0000001e   Code   RO          630    .text               mc_w.l(llshl.o)
    0x0800869e   0x00000004   Code   RO           54    i.BusFault_Handler  stm32f1xx_it.o
    0x080086a2   0x00000002   PAD
    0x080086a4   0x00000010   Code   RO           55    i.DMA1_Channel4_IRQHandler  stm32f1xx_it.o
    0x080086b4   0x00000002   Code   RO           56    i.DebugMon_Handler  stm32f1xx_it.o
    0x080086b6   0x00000010   Code   RO           57    i.EXTI9_5_IRQHandler  stm32f1xx_it.o
    0x080086c6   0x00000006   Code   RO            8    i.Error_Handler     main.o
    0x080086cc   0x000000c0   Code   RO          128    i.GetE_8421         e_8421.o
    0x0800878c   0x00000040   Code   RO          108    i.GetMotorSpeed     motor_encode.o
    0x080087cc   0x00000056   Code   RO          253    i.HAL_DMA_Abort     stm32f1xx_hal_dma.o
    0x08008822   0x00000002   PAD
    0x08008824   0x000000b0   Code   RO          254    i.HAL_DMA_Abort_IT  stm32f1xx_hal_dma.o
    0x080088d4   0x0000019c   Code   RO          258    i.HAL_DMA_IRQHandler  stm32f1xx_hal_dma.o
    0x08008a70   0x00000068   Code   RO          259    i.HAL_DMA_Init      stm32f1xx_hal_dma.o
    0x08008ad8   0x00000012   Code   RO           77    i.HAL_Delay         system.o
    0x08008aea   0x00000002   PAD
    0x08008aec   0x0000009c   Code   RO           93    i.HAL_GPIO_EXTI_Callback  exti_it.o
    0x08008b88   0x0000001c   Code   RO          243    i.HAL_GPIO_EXTI_IRQHandler  stm32f1xx_hal_gpio.o
    0x08008ba4   0x00000320   Code   RO          244    i.HAL_GPIO_Init     stm32f1xx_hal_gpio.o
    0x08008ec4   0x00000010   Code   RO          246    i.HAL_GPIO_ReadPin  stm32f1xx_hal_gpio.o
    0x08008ed4   0x0000000c   Code   RO          248    i.HAL_GPIO_WritePin  stm32f1xx_hal_gpio.o
    0x08008ee0   0x0000000e   Code   RO          140    i.HAL_IWDG_Refresh  stm32f1xx_hal_iwdg.o
    0x08008eee   0x00000002   PAD
    0x08008ef0   0x00000018   Code   RO          203    i.HAL_IncTick       stm32f1xx_hal.o
    0x08008f08   0x00000028   Code   RO          204    i.HAL_Init          stm32f1xx_hal.o
    0x08008f30   0x0000004c   Code   RO          205    i.HAL_InitTick      stm32f1xx_hal.o
    0x08008f7c   0x00000054   Code   RO           72    i.HAL_MspInit       stm32f1xx_hal_msp.o
    0x08008fd0   0x00000020   Code   RO          270    i.HAL_NVIC_EnableIRQ  stm32f1xx_hal_cortex.o
    0x08008ff0   0x0000007c   Code   RO          276    i.HAL_NVIC_SetPriority  stm32f1xx_hal_cortex.o
    0x0800906c   0x00000028   Code   RO          277    i.HAL_NVIC_SetPriorityGrouping  stm32f1xx_hal_cortex.o
    0x08009094   0x0000000c   Code   RO          221    i.HAL_RCC_GetHCLKFreq  stm32f1xx_hal_rcc.o
    0x080090a0   0x00000020   Code   RO          223    i.HAL_RCC_GetPCLK1Freq  stm32f1xx_hal_rcc.o
    0x080090c0   0x00000020   Code   RO          224    i.HAL_RCC_GetPCLK2Freq  stm32f1xx_hal_rcc.o
    0x080090e0   0x00000034   Code   RO          281    i.HAL_SYSTICK_Config  stm32f1xx_hal_cortex.o
    0x08009114   0x00000002   Code   RO          480    i.HAL_TIMEx_BreakCallback  stm32f1xx_hal_tim_ex.o
    0x08009116   0x00000002   Code   RO          481    i.HAL_TIMEx_CommutCallback  stm32f1xx_hal_tim_ex.o
    0x08009118   0x00000084   Code   RO          499    i.HAL_TIMEx_MasterConfigSynchronization  stm32f1xx_hal_tim_ex.o
    0x0800919c   0x00000066   Code   RO          360    i.HAL_TIM_Base_Init  stm32f1xx_hal_tim.o
    0x08009202   0x00000002   PAD
    0x08009204   0x000000a0   Code   RO           33    i.HAL_TIM_Base_MspInit  tim.o
    0x080092a4   0x00000078   Code   RO          365    i.HAL_TIM_Base_Start_IT  stm32f1xx_hal_tim.o
    0x0800931c   0x0000003e   Code   RO          368    i.HAL_TIM_Base_Stop_IT  stm32f1xx_hal_tim.o
    0x0800935a   0x0000010c   Code   RO          369    i.HAL_TIM_ConfigClockSource  stm32f1xx_hal_tim.o
    0x08009466   0x00000002   Code   RO          394    i.HAL_TIM_IC_CaptureCallback  stm32f1xx_hal_tim.o
    0x08009468   0x00000196   Code   RO          408    i.HAL_TIM_IRQHandler  stm32f1xx_hal_tim.o
    0x080095fe   0x00000002   PAD
    0x08009600   0x00000058   Code   RO           34    i.HAL_TIM_MspPostInit  tim.o
    0x08009658   0x00000002   Code   RO          411    i.HAL_TIM_OC_DelayElapsedCallback  stm32f1xx_hal_tim.o
    0x0800965a   0x00000104   Code   RO          432    i.HAL_TIM_PWM_ConfigChannel  stm32f1xx_hal_tim.o
    0x0800975e   0x00000066   Code   RO          435    i.HAL_TIM_PWM_Init  stm32f1xx_hal_tim.o
    0x080097c4   0x00000002   Code   RO          437    i.HAL_TIM_PWM_MspInit  stm32f1xx_hal_tim.o
    0x080097c6   0x00000002   Code   RO          438    i.HAL_TIM_PWM_PulseFinishedCallback  stm32f1xx_hal_tim.o
    0x080097c8   0x000000d4   Code   RO          440    i.HAL_TIM_PWM_Start  stm32f1xx_hal_tim.o
    0x0800989c   0x00000130   Code   RO           83    i.HAL_TIM_PeriodElapsedCallback  tim_it.o
    0x080099cc   0x00000002   Code   RO          451    i.HAL_TIM_TriggerCallback  stm32f1xx_hal_tim.o
    0x080099ce   0x00000002   Code   RO          537    i.HAL_UARTEx_RxEventCallback  stm32f1xx_hal_uart.o
    0x080099d0   0x00000002   Code   RO          551    i.HAL_UART_ErrorCallback  stm32f1xx_hal_uart.o
    0x080099d2   0x00000002   PAD
    0x080099d4   0x000002e4   Code   RO          554    i.HAL_UART_IRQHandler  stm32f1xx_hal_uart.o
    0x08009cb8   0x00000076   Code   RO          555    i.HAL_UART_Init     stm32f1xx_hal_uart.o
    0x08009d2e   0x00000002   PAD
    0x08009d30   0x000000d4   Code   RO           44    i.HAL_UART_MspInit  usart.o
    0x08009e04   0x0000002c   Code   RO          560    i.HAL_UART_Receive_IT  stm32f1xx_hal_uart.o
    0x08009e30   0x00000002   Code   RO          561    i.HAL_UART_RxCpltCallback  stm32f1xx_hal_uart.o
    0x08009e32   0x00000038   Code   RO          565    i.HAL_UART_Transmit_IT  stm32f1xx_hal_uart.o
    0x08009e6a   0x00000002   PAD
    0x08009e6c   0x00000028   Code   RO          100    i.HAL_UART_TxCpltCallback  usart_it.o
    0x08009e94   0x00000004   Code   RO           58    i.HardFault_Handler  stm32f1xx_it.o
    0x08009e98   0x00000064   Code   RO           84    i.JamTask1          tim_it.o
    0x08009efc   0x00000084   Code   RO           85    i.JamTask2          tim_it.o
    0x08009f80   0x0000000c   Code   RO          165    i.LL_SetSystemCoreClock  stm32f1xx_ll_utils.o
    0x08009f8c   0x00000034   Code   RO           21    i.MX_DMA_Init       dma.o
    0x08009fc0   0x00000150   Code   RO           16    i.MX_GPIO_Init      gpio.o
    0x0800a110   0x0000006c   Code   RO           35    i.MX_TIM2_Init      tim.o
    0x0800a17c   0x000000dc   Code   RO           36    i.MX_TIM3_Init      tim.o
    0x0800a258   0x00000070   Code   RO           37    i.MX_TIM4_Init      tim.o
    0x0800a2c8   0x00000038   Code   RO           45    i.MX_USART1_UART_Init  usart.o
    0x0800a300   0x00000004   Code   RO           59    i.MemManage_Handler  stm32f1xx_it.o
    0x0800a304   0x00000004   Code   RO           60    i.NMI_Handler       stm32f1xx_it.o
    0x0800a308   0x00000002   Code   RO           61    i.PendSV_Handler    stm32f1xx_it.o
    0x0800a30a   0x00000002   Code   RO           62    i.SVC_Handler       stm32f1xx_it.o
    0x0800a30c   0x00000024   Code   RO          114    i.SetMotorCCW       motor.o
    0x0800a330   0x0000002c   Code   RO          115    i.SetMotorPWM       motor.o
    0x0800a35c   0x00000008   Code   RO           63    i.SysTick_Handler   stm32f1xx_it.o
    0x0800a364   0x00000114   Code   RO            9    i.SystemClock_Config  main.o
    0x0800a478   0x00000002   Code   RO          591    i.SystemInit        system_stm32f1xx.o
    0x0800a47a   0x00000002   PAD
    0x0800a47c   0x00000010   Code   RO           64    i.TIM2_IRQHandler   stm32f1xx_it.o
    0x0800a48c   0x00000010   Code   RO           65    i.TIM4_IRQHandler   stm32f1xx_it.o
    0x0800a49c   0x00000074   Code   RO          453    i.TIM_Base_SetConfig  stm32f1xx_hal_tim.o
    0x0800a510   0x00000022   Code   RO          454    i.TIM_CCxChannelCmd  stm32f1xx_hal_tim.o
    0x0800a532   0x00000016   Code   RO          464    i.TIM_ETR_SetConfig  stm32f1xx_hal_tim.o
    0x0800a548   0x00000012   Code   RO          465    i.TIM_ITRx_SetConfig  stm32f1xx_hal_tim.o
    0x0800a55a   0x00000002   PAD
    0x0800a55c   0x00000060   Code   RO          466    i.TIM_OC1_SetConfig  stm32f1xx_hal_tim.o
    0x0800a5bc   0x00000068   Code   RO          467    i.TIM_OC2_SetConfig  stm32f1xx_hal_tim.o
    0x0800a624   0x00000068   Code   RO          468    i.TIM_OC3_SetConfig  stm32f1xx_hal_tim.o
    0x0800a68c   0x00000048   Code   RO          469    i.TIM_OC4_SetConfig  stm32f1xx_hal_tim.o
    0x0800a6d4   0x00000026   Code   RO          471    i.TIM_TI1_ConfigInputStage  stm32f1xx_hal_tim.o
    0x0800a6fa   0x00000028   Code   RO          473    i.TIM_TI2_ConfigInputStage  stm32f1xx_hal_tim.o
    0x0800a722   0x00000014   Code   RO          568    i.UART_DMAAbortOnError  stm32f1xx_hal_uart.o
    0x0800a736   0x0000006c   Code   RO          578    i.UART_EndRxTransfer  stm32f1xx_hal_uart.o
    0x0800a7a2   0x00000020   Code   RO          579    i.UART_EndTransmit_IT  stm32f1xx_hal_uart.o
    0x0800a7c2   0x000000fc   Code   RO          581    i.UART_Receive_IT   stm32f1xx_hal_uart.o
    0x0800a8be   0x00000002   PAD
    0x0800a8c0   0x000000fc   Code   RO          582    i.UART_SetConfig    stm32f1xx_hal_uart.o
    0x0800a9bc   0x00000040   Code   RO          584    i.UART_Start_Receive_IT  stm32f1xx_hal_uart.o
    0x0800a9fc   0x00000060   Code   RO          585    i.UART_Transmit_IT  stm32f1xx_hal_uart.o
    0x0800aa5c   0x00000114   Code   RO          101    i.USART1_IDLE_Handler  usart_it.o
    0x0800ab70   0x00000014   Code   RO           66    i.USART1_IRQHandler  stm32f1xx_it.o
    0x0800ab84   0x00000004   Code   RO           67    i.UsageFault_Handler  stm32f1xx_it.o
    0x0800ab88   0x00000010   Code   RO          283    i.__NVIC_GetPriorityGrouping  stm32f1xx_hal_cortex.o
    0x0800ab98   0x00000028   Code   RO          284    i.__NVIC_SetPriority  stm32f1xx_hal_cortex.o
    0x0800abc0   0x0000000e   Code   RO          633    i.__scatterload_copy  mc_w.l(handlers.o)
    0x0800abce   0x00000002   Code   RO          634    i.__scatterload_null  mc_w.l(handlers.o)
    0x0800abd0   0x0000000e   Code   RO          635    i.__scatterload_zeroinit  mc_w.l(handlers.o)
    0x0800abde   0x00000036   Code   RO           78    i.delay_us          system.o
    0x0800ac14   0x000000a4   Code   RO          121    i.increment_pid_ctrl  pid.o
    0x0800acb8   0x00000114   Code   RO           10    i.main              main.o
    0x0800adcc   0x000001d0   Code   RO           86    i.myHAL_TIM_PeriodElapsedCallback  tim_it.o
    0x0800af9c   0x00000050   Code   RO          122    i.pid_init          pid.o
    0x0800afec   0x00000018   Data   RO          592    .constdata          system_stm32f1xx.o
    0x0800b004   0x00000020   Data   RO          631    Region$$Table       anon$$obj.o


    Execution Region RW_IRAM1 (Base: 0x20000000, Size: 0x00000ba0, Max: 0x00005000, ABSOLUTE)

    Base Addr    Size         Type   Attr      Idx    E Section Name        Object

    0x20000000   0x00000005   Data   RW           12    .data               main.o
    0x20000005   0x00000003   PAD
    0x20000008   0x00000027   Data   RW           89    .data               tim_it.o
    0x2000002f   0x00000001   PAD
    0x20000030   0x00000004   Data   RW           96    .data               exti_it.o
    0x20000034   0x00000002   Data   RW          104    .data               usart_it.o
    0x20000036   0x00000004   Data   RW          110    .data               motor_encode.o
    0x2000003a   0x00000001   Data   RW          117    .data               motor.o
    0x2000003b   0x00000001   PAD
    0x2000003c   0x00000009   Data   RW          211    .data               stm32f1xx_hal.o
    0x20000045   0x00000003   PAD
    0x20000048   0x00000004   Data   RW          593    .data               system_stm32f1xx.o
    0x2000004c   0x0000000c   Zero   RW           27    .bss                iwdg.o
    0x20000058   0x000000d8   Zero   RW           38    .bss                tim.o
    0x20000130   0x0000008c   Zero   RW           48    .bss                usart.o
    0x200001bc   0x0000019c   Zero   RW          102    .bss                usart_it.o
    0x20000358   0x00000048   Zero   RW          123    .bss                pid.o
    0x200003a0   0x00000800   Zero   RW            1    STACK               startup_stm32f103xb.o


==============================================================================

Image component sizes


      Code (inc. data)   RO Data    RW Data    ZI Data      Debug   Object Name

        52          4          0          0          0          0   dma.o
       192          6          0          0          0          0   e_8421.o
       156         22          0          4          0          0   exti_it.o
       336         20          0          0          0          0   gpio.o
         0          0          0          0         12          0   iwdg.o
       558         56          0          5          0          0   main.o
        80         10          0          1          0          0   motor.o
        64          8          0          4          0          0   motor_encode.o
       244         34          0          0         72          0   pid.o
        36          8        236          0       2048          0   startup_stm32f103xb.o
       140         26          0          9          0          0   stm32f1xx_hal.o
       304         22          0          0          0          0   stm32f1xx_hal_cortex.o
       778         12          0          0          0          0   stm32f1xx_hal_dma.o
       856         38          0          0          0          0   stm32f1xx_hal_gpio.o
        14          0          0          0          0          0   stm32f1xx_hal_iwdg.o
        84          8          0          0          0          0   stm32f1xx_hal_msp.o
        76         26          0          0          0          0   stm32f1xx_hal_rcc.o
      2186         60          0          0          0          0   stm32f1xx_hal_tim.o
       136         14          0          0          0          0   stm32f1xx_hal_tim_ex.o
      1788          8          0          0          0          0   stm32f1xx_hal_uart.o
       118         24          0          0          0          0   stm32f1xx_it.o
        12          6          0          0          0          0   stm32f1xx_ll_utils.o
        72          0          0          0          0          0   system.o
         2          0         24          4          0          0   system_stm32f1xx.o
       688         48          0          0        216          0   tim.o
      1000        132          0         39          0          0   tim_it.o
       268         32          0          0        140          0   usart.o
       316         52          0          2        412          0   usart_it.o

    ----------------------------------------------------------------------
     10580        676        292         76       2900          0   Object Totals
         0          0         32          0          0          0   (incl. Generated)
        24          0          0          8          0          0   (incl. Padding)

    ----------------------------------------------------------------------

      Code (inc. data)   RO Data    RW Data    ZI Data      Debug   Library Member Name

         0          0          0          0          0          0   entry.o
         0          0          0          0          0          0   entry10a.o
         0          0          0          0          0          0   entry11a.o
         8          4          0          0          0          0   entry2.o
         4          0          0          0          0          0   entry5.o
         0          0          0          0          0          0   entry7b.o
         0          0          0          0          0          0   entry8b.o
         8          4          0          0          0          0   entry9a.o
        30          0          0          0          0          0   handlers.o
        36          8          0          0          0          0   init.o
         0          0          0          0          0          0   iusefp.o
        30          0          0          0          0          0   llshl.o
        32          0          0          0          0          0   llushr.o
        36          0          0          0          0          0   memcpya.o
        36          0          0          0          0          0   memseta.o
        48          0          0          0          0          0   cdcmple.o
        20          0          0          0          0          0   cfcmple.o
        20          0          0          0          0          0   cfrcmple.o
       222          0          0          0          0          0   ddiv.o
       186          0          0          0          0          0   depilogue.o
        34          0          0          0          0          0   dflti.o
        26          0          0          0          0          0   dfltui.o
       228          0          0          0          0          0   dmul.o
       176          0          0          0          0          0   fadd.o
       110          0          0          0          0          0   fepilogue.o
        50          0          0          0          0          0   ffixi.o
        10          0          0          0          0          0   ffltui.o
       100          0          0          0          0          0   fmul.o

    ----------------------------------------------------------------------
      1452         16          0          0          0          0   Library Totals
         2          0          0          0          0          0   (incl. Padding)

    ----------------------------------------------------------------------

      Code (inc. data)   RO Data    RW Data    ZI Data      Debug   Library Name

       220         16          0          0          0          0   mc_w.l
      1230          0          0          0          0          0   mf_w.l

    ----------------------------------------------------------------------
      1452         16          0          0          0          0   Library Totals

    ----------------------------------------------------------------------

==============================================================================


      Code (inc. data)   RO Data    RW Data    ZI Data      Debug   

     12032        692        292         76       2900          0   Grand Totals
     12032        692        292         76       2900          0   ELF Image Totals
     12032        692        292         76          0          0   ROM Totals

==============================================================================

    Total RO  Size (Code + RO Data)                12324 (  12.04kB)
    Total RW  Size (RW Data + ZI Data)              2976 (   2.91kB)
    Total ROM Size (Code + RO Data + RW Data)      12400 (  12.11kB)

==============================================================================

